func_id=1 instance_id=1 seed=0 best_y=inf f_opt=0.000000 gap=inf n_fevals=0 duration_s=0.000 status=error:ValueError
func_id=1 instance_id=1 seed=1 best_y=inf f_opt=0.000000 gap=inf n_fevals=0 duration_s=0.000 status=error:ValueError
func_id=1 instance_id=1 seed=2 best_y=inf f_opt=0.000000 gap=inf n_fevals=0 duration_s=0.000 status=error:ValueError
func_id=1 instance_id=2 seed=0 best_y=inf f_opt=0.000000 gap=inf n_fevals=0 duration_s=0.000 status=error:ValueError
func_id=1 instance_id=2 seed=1 best_y=inf f_opt=0.000000 gap=inf n_fevals=0 duration_s=0.000 status=error:ValueError
func_id=1 instance_id=2 seed=2 best_y=inf f_opt=0.000000 gap=inf n_fevals=0 duration_s=0.000 status=error:ValueError
func_id=8 instance_id=1 seed=0 best_y=inf f_opt=0.000000 gap=inf n_fevals=0 duration_s=0.000 status=error:ValueError
func_id=8 instance_id=1 seed=1 best_y=inf f_opt=0.000000 gap=inf n_fevals=0 duration_s=0.000 status=error:ValueError
func_id=8 instance_id=1 seed=2 best_y=inf f_opt=0.000000 gap=inf n_fevals=0 duration_s=0.000 status=error:ValueError
func_id=8 instance_id=2 seed=0 best_y=inf f_opt=0.000000 gap=inf n_fevals=0 duration_s=0.000 status=error:ValueError
func_id=8 instance_id=2 seed=1 best_y=inf f_opt=0.000000 gap=inf n_fevals=0 duration_s=0.000 status=error:ValueError
func_id=8 instance_id=2 seed=2 best_y=inf f_opt=0.000000 gap=inf n_fevals=0 duration_s=0.000 status=error:ValueError
func_id=15 instance_id=1 seed=0 best_y=inf f_opt=0.000000 gap=inf n_fevals=0 duration_s=0.000 status=error:ValueError
func_id=15 instance_id=1 seed=1 best_y=inf f_opt=0.000000 gap=inf n_fevals=0 duration_s=0.000 status=error:ValueError
func_id=15 instance_id=1 seed=2 best_y=inf f_opt=0.000000 gap=inf n_fevals=0 duration_s=0.000 status=error:ValueError
func_id=15 instance_id=2 seed=0 best_y=inf f_opt=0.000000 gap=inf n_fevals=0 duration_s=0.000 status=error:ValueError
func_id=15 instance_id=2 seed=1 best_y=inf f_opt=0.000000 gap=inf n_fevals=0 duration_s=0.000 status=error:ValueError
func_id=15 instance_id=2 seed=2 best_y=inf f_opt=0.000000 gap=inf n_fevals=0 duration_s=0.000 status=error:ValueError

---
mean_log_gap: inf
median_log_gap: inf
n_tuples: 18
n_errors: 18
f1_mean_log_gap: inf
f8_mean_log_gap: inf
f15_mean_log_gap: inf
total_duration_s: 0.031
