func_id=1 instance_id=1 seed=0 best_y=69.342972 f_opt=0.000000 gap=69.342972 n_fevals=2 duration_s=0.000 status=error:UnboundLocalError
func_id=1 instance_id=1 seed=1 best_y=100.798771 f_opt=0.000000 gap=100.798771 n_fevals=2 duration_s=0.000 status=error:UnboundLocalError
func_id=1 instance_id=1 seed=2 best_y=26.406219 f_opt=0.000000 gap=26.406219 n_fevals=2 duration_s=0.000 status=error:UnboundLocalError
func_id=1 instance_id=2 seed=0 best_y=55.648124 f_opt=0.000000 gap=55.648124 n_fevals=2 duration_s=0.000 status=error:UnboundLocalError
func_id=1 instance_id=2 seed=1 best_y=32.455890 f_opt=0.000000 gap=32.455890 n_fevals=2 duration_s=0.000 status=error:UnboundLocalError
func_id=1 instance_id=2 seed=2 best_y=23.462829 f_opt=0.000000 gap=23.462829 n_fevals=2 duration_s=0.000 status=error:UnboundLocalError
func_id=8 instance_id=1 seed=0 best_y=9795.915109 f_opt=0.000000 gap=9795.915109 n_fevals=2 duration_s=0.000 status=error:UnboundLocalError
func_id=8 instance_id=1 seed=1 best_y=57159.784214 f_opt=0.000000 gap=57159.784214 n_fevals=2 duration_s=0.000 status=error:UnboundLocalError
func_id=8 instance_id=1 seed=2 best_y=40318.835288 f_opt=0.000000 gap=40318.835288 n_fevals=2 duration_s=0.000 status=error:UnboundLocalError
func_id=8 instance_id=2 seed=0 best_y=132128.879391 f_opt=0.000000 gap=132128.879391 n_fevals=2 duration_s=0.000 status=error:UnboundLocalError
func_id=8 instance_id=2 seed=1 best_y=4624.188689 f_opt=0.000000 gap=4624.188689 n_fevals=2 duration_s=0.000 status=error:UnboundLocalError
func_id=8 instance_id=2 seed=2 best_y=179920.045967 f_opt=0.000000 gap=179920.045967 n_fevals=2 duration_s=0.000 status=error:UnboundLocalError
func_id=15 instance_id=1 seed=0 best_y=126.419311 f_opt=0.000000 gap=126.419311 n_fevals=2 duration_s=0.000 status=error:UnboundLocalError
func_id=15 instance_id=1 seed=1 best_y=32.237752 f_opt=0.000000 gap=32.237752 n_fevals=2 duration_s=0.000 status=error:UnboundLocalError
func_id=15 instance_id=1 seed=2 best_y=53.949878 f_opt=0.000000 gap=53.949878 n_fevals=2 duration_s=0.000 status=error:UnboundLocalError
func_id=15 instance_id=2 seed=0 best_y=95.707763 f_opt=0.000000 gap=95.707763 n_fevals=2 duration_s=0.000 status=error:UnboundLocalError
func_id=15 instance_id=2 seed=1 best_y=163.632291 f_opt=0.000000 gap=163.632291 n_fevals=2 duration_s=0.000 status=error:UnboundLocalError
func_id=15 instance_id=2 seed=2 best_y=154.851740 f_opt=0.000000 gap=154.851740 n_fevals=2 duration_s=0.000 status=error:UnboundLocalError

---
mean_log_gap: 2.723053
median_log_gap: 2.052634
n_tuples: 18
n_errors: 18
f1_mean_log_gap: 1.648881
f8_mean_log_gap: 4.565793
f15_mean_log_gap: 1.954483
total_duration_s: 0.031
