func_id=1 instance_id=1 seed=0 best_y=1.201842 f_opt=0.000000 gap=1.201842 n_fevals=920 duration_s=0.000 status=ok
func_id=1 instance_id=1 seed=1 best_y=2.017142 f_opt=0.000000 gap=2.017142 n_fevals=920 duration_s=0.016 status=ok
func_id=1 instance_id=1 seed=2 best_y=4.162054 f_opt=0.000000 gap=4.162054 n_fevals=920 duration_s=0.016 status=ok
func_id=1 instance_id=2 seed=0 best_y=3.451935 f_opt=0.000000 gap=3.451935 n_fevals=920 duration_s=0.000 status=ok
func_id=1 instance_id=2 seed=1 best_y=3.820717 f_opt=0.000000 gap=3.820717 n_fevals=920 duration_s=0.015 status=ok
func_id=1 instance_id=2 seed=2 best_y=2.559679 f_opt=0.000000 gap=2.559679 n_fevals=920 duration_s=0.000 status=ok
func_id=8 instance_id=1 seed=0 best_y=864.481945 f_opt=0.000000 gap=864.481945 n_fevals=920 duration_s=0.016 status=ok
func_id=8 instance_id=1 seed=1 best_y=31.618817 f_opt=0.000000 gap=31.618817 n_fevals=920 duration_s=0.016 status=ok
func_id=8 instance_id=1 seed=2 best_y=392.958836 f_opt=0.000000 gap=392.958836 n_fevals=920 duration_s=0.000 status=ok
func_id=8 instance_id=2 seed=0 best_y=397.857579 f_opt=0.000000 gap=397.857579 n_fevals=920 duration_s=0.015 status=ok
func_id=8 instance_id=2 seed=1 best_y=66.930053 f_opt=0.000000 gap=66.930053 n_fevals=920 duration_s=0.016 status=ok
func_id=8 instance_id=2 seed=2 best_y=186.816917 f_opt=0.000000 gap=186.816917 n_fevals=920 duration_s=0.000 status=ok
func_id=15 instance_id=1 seed=0 best_y=31.059343 f_opt=0.000000 gap=31.059343 n_fevals=920 duration_s=0.015 status=ok
func_id=15 instance_id=1 seed=1 best_y=18.590413 f_opt=0.000000 gap=18.590413 n_fevals=920 duration_s=0.016 status=ok
func_id=15 instance_id=1 seed=2 best_y=27.107080 f_opt=0.000000 gap=27.107080 n_fevals=920 duration_s=0.000 status=ok
func_id=15 instance_id=2 seed=0 best_y=9.736483 f_opt=0.000000 gap=9.736483 n_fevals=920 duration_s=0.016 status=ok
func_id=15 instance_id=2 seed=1 best_y=20.808588 f_opt=0.000000 gap=20.808588 n_fevals=920 duration_s=0.015 status=ok
func_id=15 instance_id=2 seed=2 best_y=25.272485 f_opt=0.000000 gap=25.272485 n_fevals=920 duration_s=0.000 status=ok

---
mean_log_gap: 1.342442
median_log_gap: 1.360445
n_tuples: 18
n_errors: 0
f1_mean_log_gap: 0.422047
f8_mean_log_gap: 2.287969
f15_mean_log_gap: 1.317309
total_duration_s: 0.188
