[gateway] create_gateway_profile name=harbor-slcg__writeup-pointer__NpYHxx2 default_action=allow internet_enabled=True (boot permissive)
[gateway] ephemeral profile id=019e45a0-f80c-7308-96a5-d1b53b44c863 configured phases=['agent', 'setup', 'verifier']
Dockerfile found -- using Docker-in-VM build
Created Islo sandbox: zealous-marmoset
Sandbox is running
Docker daemon is ready
Injected Docker Hub auth into /root/.docker/config.json
Building Docker image inside sandbox...
Docker build succeeded
Docker container 'task-env' running inside sandbox
[gateway] apply_phase phase=setup configured=True default_action=deny internet_enabled=True n_rules=0
[gateway] phase=setup applied (rules deleted=0 created=0)
Running command: if command -v apk &> /dev/null; then  apk add --no-cache curl bash nodejs npm; elif command -v apt-get &> /dev/null; then  apt-get update && apt-get install -y curl; elif command -v yum &> /dev/null; then  yum install -y curl; else  echo "Warning: No known package manager found, assuming curl is available" >&2; fi
Command failed
Trial slcg__writeup-pointer__NpYHxx2 failed: Command failed (exit 100): if command -v apk &> /dev/null; then  apk add --no-cache curl bash nodejs npm; elif command -v apt-get &> /dev/null; then  apt-get update && apt-get install -y curl; elif command -v yum &> /dev/null; then  yum install -y curl; else  echo "Warning: No known package manager found, assuming curl is available" >&2; fi
stdout: Get:1 http://deb.debian.org/debian bookworm InRelease [151 kB]
Err:2 http://deb.debian.org/debian bookworm-updates InRelease
  403  Forbidden [IP: 151.101.2.132 80]
Err:3 http://deb.debian.org/debian-security bookworm-security InRelease
  403  Forbidden [IP: 151.101.2.132 80]
Ign:4 http://deb.debian.org/debian bookworm/main amd64 Packages
Err:4 http://deb.debian.org/debian bookworm/main amd64 Packages
  403  Forbidden [IP: 151.101.2.132 80]
Ign:4 http://deb.debian.org/debian bookworm/main amd64 Packages
Err:4 http://deb.debian.org/debian bookworm/main amd64 Packages
  403  Forbidden [IP: 151.101.2.132 80]
Ign:4 http://deb.debian.org/debian bookworm/main amd64 Packages
Err:4 http://deb.debian.org/debian bookworm/main amd64 Packages
  403  Forbidden [IP: 151.101.2.132 80]
Reading package lists...

stderr: E: Failed to fetch http://deb.debian.org/debian/dists/bookworm-updates/InRelease  403  Forbidden [IP: 151.101.2.132 80]
E: The repository 'http://deb.debian.org/debian bookworm-updates InRelease' is not signed.
E: Failed to fetch http://deb.debian.org/debian-security/dists/bookworm-security/InRelease  403  Forbidden [IP: 151.101.2.132 80]
E: The repository 'http://deb.debian.org/debian-security bookworm-security InRelease' is not signed.

Destroyed Islo sandbox: zealous-marmoset
[gateway] delete_gateway_profile id=019e45a0-f80c-7308-96a5-d1b53b44c863
