func_id=1 instance_id=1 seed=0 best_y=0.046705 f_opt=0.000000 gap=0.046705 n_fevals=1000 duration_s=0.047 status=ok
func_id=1 instance_id=1 seed=1 best_y=0.074548 f_opt=0.000000 gap=0.074548 n_fevals=1000 duration_s=0.031 status=ok
func_id=1 instance_id=1 seed=2 best_y=0.027431 f_opt=0.000000 gap=0.027431 n_fevals=1000 duration_s=0.047 status=ok
func_id=1 instance_id=2 seed=0 best_y=0.046622 f_opt=0.000000 gap=0.046622 n_fevals=1000 duration_s=0.031 status=ok
func_id=1 instance_id=2 seed=1 best_y=0.053680 f_opt=0.000000 gap=0.053680 n_fevals=1000 duration_s=0.031 status=ok
func_id=1 instance_id=2 seed=2 best_y=0.043590 f_opt=0.000000 gap=0.043590 n_fevals=1000 duration_s=0.032 status=ok
func_id=8 instance_id=1 seed=0 best_y=7.265969 f_opt=0.000000 gap=7.265969 n_fevals=1000 duration_s=0.046 status=ok
func_id=8 instance_id=1 seed=1 best_y=268.608747 f_opt=0.000000 gap=268.608747 n_fevals=1000 duration_s=0.032 status=ok
func_id=8 instance_id=1 seed=2 best_y=8.067050 f_opt=0.000000 gap=8.067050 n_fevals=1000 duration_s=0.047 status=ok
func_id=8 instance_id=2 seed=0 best_y=3.718503 f_opt=0.000000 gap=3.718503 n_fevals=1000 duration_s=0.031 status=ok
func_id=8 instance_id=2 seed=1 best_y=8.460906 f_opt=0.000000 gap=8.460906 n_fevals=1000 duration_s=0.047 status=ok
func_id=8 instance_id=2 seed=2 best_y=5.583869 f_opt=0.000000 gap=5.583869 n_fevals=1000 duration_s=0.031 status=ok
func_id=15 instance_id=1 seed=0 best_y=14.217799 f_opt=0.000000 gap=14.217799 n_fevals=1000 duration_s=0.031 status=ok
func_id=15 instance_id=1 seed=1 best_y=10.562054 f_opt=0.000000 gap=10.562054 n_fevals=1000 duration_s=0.047 status=ok
func_id=15 instance_id=1 seed=2 best_y=17.668425 f_opt=0.000000 gap=17.668425 n_fevals=1000 duration_s=0.031 status=ok
func_id=15 instance_id=2 seed=0 best_y=18.166689 f_opt=0.000000 gap=18.166689 n_fevals=1000 duration_s=0.047 status=ok
func_id=15 instance_id=2 seed=1 best_y=19.734637 f_opt=0.000000 gap=19.734637 n_fevals=1000 duration_s=0.031 status=ok
func_id=15 instance_id=2 seed=2 best_y=12.942857 f_opt=0.000000 gap=12.942857 n_fevals=1000 duration_s=0.032 status=ok

---
mean_log_gap: 0.308333
median_log_gap: 0.884004
n_tuples: 18
n_errors: 0
f1_mean_log_gap: -1.330362
f8_mean_log_gap: 1.073641
f15_mean_log_gap: 1.181719
total_duration_s: 0.703
