func_id=1 instance_id=1 seed=0 best_y=15.818322 f_opt=0.000000 gap=15.818322 n_fevals=57 duration_s=0.000 status=ok
func_id=1 instance_id=1 seed=1 best_y=36.541810 f_opt=0.000000 gap=36.541810 n_fevals=59 duration_s=0.000 status=ok
func_id=1 instance_id=1 seed=2 best_y=24.699447 f_opt=0.000000 gap=24.699447 n_fevals=57 duration_s=0.016 status=ok
func_id=1 instance_id=2 seed=0 best_y=6.194673 f_opt=0.000000 gap=6.194673 n_fevals=58 duration_s=0.000 status=ok
func_id=1 instance_id=2 seed=1 best_y=15.753912 f_opt=0.000000 gap=15.753912 n_fevals=58 duration_s=0.000 status=ok
func_id=1 instance_id=2 seed=2 best_y=23.097152 f_opt=0.000000 gap=23.097152 n_fevals=56 duration_s=0.000 status=ok
func_id=8 instance_id=1 seed=0 best_y=2533.579268 f_opt=0.000000 gap=2533.579268 n_fevals=57 duration_s=0.000 status=ok
func_id=8 instance_id=1 seed=1 best_y=49263.132428 f_opt=0.000000 gap=49263.132428 n_fevals=57 duration_s=0.000 status=ok
func_id=8 instance_id=1 seed=2 best_y=11425.678938 f_opt=0.000000 gap=11425.678938 n_fevals=57 duration_s=0.000 status=ok
func_id=8 instance_id=2 seed=0 best_y=4342.205670 f_opt=0.000000 gap=4342.205670 n_fevals=57 duration_s=0.000 status=ok
func_id=8 instance_id=2 seed=1 best_y=4375.970303 f_opt=0.000000 gap=4375.970303 n_fevals=56 duration_s=0.000 status=ok
func_id=8 instance_id=2 seed=2 best_y=38978.948046 f_opt=0.000000 gap=38978.948046 n_fevals=58 duration_s=0.000 status=ok
func_id=15 instance_id=1 seed=0 best_y=119.896899 f_opt=0.000000 gap=119.896899 n_fevals=57 duration_s=0.000 status=ok
func_id=15 instance_id=1 seed=1 best_y=22.928860 f_opt=0.000000 gap=22.928860 n_fevals=56 duration_s=0.000 status=ok
func_id=15 instance_id=1 seed=2 best_y=50.071857 f_opt=0.000000 gap=50.071857 n_fevals=56 duration_s=0.000 status=ok
func_id=15 instance_id=2 seed=0 best_y=88.135988 f_opt=0.000000 gap=88.135988 n_fevals=56 duration_s=0.000 status=ok
func_id=15 instance_id=2 seed=1 best_y=86.042941 f_opt=0.000000 gap=86.042941 n_fevals=58 duration_s=0.000 status=ok
func_id=15 instance_id=2 seed=2 best_y=62.314189 f_opt=0.000000 gap=62.314189 n_fevals=58 duration_s=0.000 status=ok

---
mean_log_gap: 2.352478
median_log_gap: 1.864651
n_tuples: 18
n_errors: 0
f1_mean_log_gap: 1.251267
f8_mean_log_gap: 4.003959
f15_mean_log_gap: 1.802207
total_duration_s: 0.047
