func_id=1 instance_id=1 seed=0 best_y=0.015565 f_opt=0.000000 gap=0.015565 n_fevals=600 duration_s=0.000 status=ok
func_id=1 instance_id=1 seed=1 best_y=0.037170 f_opt=0.000000 gap=0.037170 n_fevals=600 duration_s=0.000 status=ok
func_id=1 instance_id=1 seed=2 best_y=0.002816 f_opt=0.000000 gap=0.002816 n_fevals=600 duration_s=0.016 status=ok
func_id=1 instance_id=2 seed=0 best_y=0.023218 f_opt=0.000000 gap=0.023218 n_fevals=600 duration_s=0.000 status=ok
func_id=1 instance_id=2 seed=1 best_y=0.009870 f_opt=0.000000 gap=0.009870 n_fevals=600 duration_s=0.016 status=ok
func_id=1 instance_id=2 seed=2 best_y=0.013200 f_opt=0.000000 gap=0.013200 n_fevals=600 duration_s=0.000 status=ok
func_id=8 instance_id=1 seed=0 best_y=4.532545 f_opt=0.000000 gap=4.532545 n_fevals=600 duration_s=0.000 status=ok
func_id=8 instance_id=1 seed=1 best_y=4.694332 f_opt=0.000000 gap=4.694332 n_fevals=600 duration_s=0.015 status=ok
func_id=8 instance_id=1 seed=2 best_y=4.190248 f_opt=0.000000 gap=4.190248 n_fevals=600 duration_s=0.000 status=ok
func_id=8 instance_id=2 seed=0 best_y=4.455659 f_opt=0.000000 gap=4.455659 n_fevals=600 duration_s=0.000 status=ok
func_id=8 instance_id=2 seed=1 best_y=3.223455 f_opt=0.000000 gap=3.223455 n_fevals=600 duration_s=0.015 status=ok
func_id=8 instance_id=2 seed=2 best_y=4.388224 f_opt=0.000000 gap=4.388224 n_fevals=600 duration_s=0.000 status=ok
func_id=15 instance_id=1 seed=0 best_y=12.850526 f_opt=0.000000 gap=12.850526 n_fevals=600 duration_s=0.016 status=ok
func_id=15 instance_id=1 seed=1 best_y=15.788071 f_opt=0.000000 gap=15.788071 n_fevals=600 duration_s=0.000 status=ok
func_id=15 instance_id=1 seed=2 best_y=12.533174 f_opt=0.000000 gap=12.533174 n_fevals=600 duration_s=0.016 status=ok
func_id=15 instance_id=2 seed=0 best_y=6.573353 f_opt=0.000000 gap=6.573353 n_fevals=600 duration_s=0.000 status=ok
func_id=15 instance_id=2 seed=1 best_y=10.495424 f_opt=0.000000 gap=10.495424 n_fevals=600 duration_s=0.000 status=ok
func_id=15 instance_id=2 seed=2 best_y=11.993444 f_opt=0.000000 gap=11.993444 n_fevals=600 duration_s=0.015 status=ok

---
mean_log_gap: -0.068589
median_log_gap: 0.645600
n_tuples: 18
n_errors: 0
f1_mean_log_gap: -1.884553
f8_mean_log_gap: 0.624946
f15_mean_log_gap: 1.053840
total_duration_s: 0.156
