func_id=1 instance_id=1 seed=0 best_y=16.199324 f_opt=0.000000 gap=16.199324 n_fevals=1 duration_s=0.000 status=error:UnboundLocalError
func_id=1 instance_id=1 seed=1 best_y=46.912154 f_opt=0.000000 gap=46.912154 n_fevals=1 duration_s=0.000 status=error:UnboundLocalError
func_id=1 instance_id=1 seed=2 best_y=24.106237 f_opt=0.000000 gap=24.106237 n_fevals=1 duration_s=0.000 status=error:UnboundLocalError
func_id=1 instance_id=2 seed=0 best_y=48.062369 f_opt=0.000000 gap=48.062369 n_fevals=1 duration_s=0.000 status=error:UnboundLocalError
func_id=1 instance_id=2 seed=1 best_y=24.890610 f_opt=0.000000 gap=24.890610 n_fevals=1 duration_s=0.000 status=error:UnboundLocalError
func_id=1 instance_id=2 seed=2 best_y=51.492044 f_opt=0.000000 gap=51.492044 n_fevals=1 duration_s=0.000 status=error:UnboundLocalError
func_id=8 instance_id=1 seed=0 best_y=2421.819957 f_opt=0.000000 gap=2421.819957 n_fevals=1 duration_s=0.000 status=error:UnboundLocalError
func_id=8 instance_id=1 seed=1 best_y=310494.460943 f_opt=0.000000 gap=310494.460943 n_fevals=1 duration_s=0.000 status=error:UnboundLocalError
func_id=8 instance_id=1 seed=2 best_y=11580.235080 f_opt=0.000000 gap=11580.235080 n_fevals=1 duration_s=0.000 status=error:UnboundLocalError
func_id=8 instance_id=2 seed=0 best_y=473937.697039 f_opt=0.000000 gap=473937.697039 n_fevals=1 duration_s=0.000 status=error:UnboundLocalError
func_id=8 instance_id=2 seed=1 best_y=332368.302188 f_opt=0.000000 gap=332368.302188 n_fevals=1 duration_s=0.000 status=error:UnboundLocalError
func_id=8 instance_id=2 seed=2 best_y=44812.735929 f_opt=0.000000 gap=44812.735929 n_fevals=1 duration_s=0.000 status=error:UnboundLocalError
func_id=15 instance_id=1 seed=0 best_y=185.978033 f_opt=0.000000 gap=185.978033 n_fevals=1 duration_s=0.000 status=error:UnboundLocalError
func_id=15 instance_id=1 seed=1 best_y=160.373849 f_opt=0.000000 gap=160.373849 n_fevals=1 duration_s=0.000 status=error:UnboundLocalError
func_id=15 instance_id=1 seed=2 best_y=125.634770 f_opt=0.000000 gap=125.634770 n_fevals=1 duration_s=0.000 status=error:UnboundLocalError
func_id=15 instance_id=2 seed=0 best_y=101.686126 f_opt=0.000000 gap=101.686126 n_fevals=1 duration_s=0.000 status=error:UnboundLocalError
func_id=15 instance_id=2 seed=1 best_y=101.677658 f_opt=0.000000 gap=101.677658 n_fevals=1 duration_s=0.000 status=error:UnboundLocalError
func_id=15 instance_id=2 seed=2 best_y=115.760624 f_opt=0.000000 gap=115.760624 n_fevals=1 duration_s=0.000 status=error:UnboundLocalError

---
mean_log_gap: 2.805161
median_log_gap: 2.081335
n_tuples: 18
n_errors: 18
f1_mean_log_gap: 1.508749
f8_mean_log_gap: 4.798109
f15_mean_log_gap: 2.108626
total_duration_s: 0.031
