func_id=1 instance_id=1 seed=0 best_y=4.601081 f_opt=0.000000 gap=4.601081 n_fevals=1000 duration_s=0.016 status=ok
func_id=1 instance_id=1 seed=1 best_y=3.796017 f_opt=0.000000 gap=3.796017 n_fevals=1000 duration_s=0.000 status=ok
func_id=1 instance_id=1 seed=2 best_y=4.612134 f_opt=0.000000 gap=4.612134 n_fevals=1000 duration_s=0.016 status=ok
func_id=1 instance_id=2 seed=0 best_y=0.081799 f_opt=0.000000 gap=0.081799 n_fevals=1000 duration_s=0.015 status=ok
func_id=1 instance_id=2 seed=1 best_y=2.810638 f_opt=0.000000 gap=2.810638 n_fevals=1000 duration_s=0.016 status=ok
func_id=1 instance_id=2 seed=2 best_y=0.481126 f_opt=0.000000 gap=0.481126 n_fevals=1000 duration_s=0.000 status=ok
func_id=8 instance_id=1 seed=0 best_y=178.378178 f_opt=0.000000 gap=178.378178 n_fevals=1000 duration_s=0.016 status=ok
func_id=8 instance_id=1 seed=1 best_y=142.900726 f_opt=0.000000 gap=142.900726 n_fevals=1000 duration_s=0.015 status=ok
func_id=8 instance_id=1 seed=2 best_y=1116.845996 f_opt=0.000000 gap=1116.845996 n_fevals=1000 duration_s=0.016 status=ok
func_id=8 instance_id=2 seed=0 best_y=406.747288 f_opt=0.000000 gap=406.747288 n_fevals=1000 duration_s=0.015 status=ok
func_id=8 instance_id=2 seed=1 best_y=554.896622 f_opt=0.000000 gap=554.896622 n_fevals=1000 duration_s=0.016 status=ok
func_id=8 instance_id=2 seed=2 best_y=1600.937307 f_opt=0.000000 gap=1600.937307 n_fevals=1000 duration_s=0.016 status=ok
func_id=15 instance_id=1 seed=0 best_y=23.412081 f_opt=0.000000 gap=23.412081 n_fevals=1000 duration_s=0.015 status=ok
func_id=15 instance_id=1 seed=1 best_y=32.237752 f_opt=0.000000 gap=32.237752 n_fevals=1000 duration_s=0.016 status=ok
func_id=15 instance_id=1 seed=2 best_y=21.202084 f_opt=0.000000 gap=21.202084 n_fevals=1000 duration_s=0.016 status=ok
func_id=15 instance_id=2 seed=0 best_y=20.302238 f_opt=0.000000 gap=20.302238 n_fevals=1000 duration_s=0.000 status=ok
func_id=15 instance_id=2 seed=1 best_y=25.646904 f_opt=0.000000 gap=25.646904 n_fevals=1000 duration_s=0.015 status=ok
func_id=15 instance_id=2 seed=2 best_y=41.794248 f_opt=0.000000 gap=41.794248 n_fevals=1000 duration_s=0.016 status=ok

---
mean_log_gap: 1.416892
median_log_gap: 1.389237
n_tuples: 18
n_errors: 0
f1_mean_log_gap: 0.158317
f8_mean_log_gap: 2.668713
f15_mean_log_gap: 1.423646
total_duration_s: 0.265
