func_id=1 instance_id=1 seed=0 best_y=0.142804 f_opt=0.000000 gap=0.142804 n_fevals=1000 duration_s=0.032 status=ok
func_id=1 instance_id=1 seed=1 best_y=1.279296 f_opt=0.000000 gap=1.279296 n_fevals=1000 duration_s=0.046 status=ok
func_id=1 instance_id=1 seed=2 best_y=1.294055 f_opt=0.000000 gap=1.294055 n_fevals=1000 duration_s=0.032 status=ok
func_id=1 instance_id=2 seed=0 best_y=0.199617 f_opt=0.000000 gap=0.199617 n_fevals=1000 duration_s=0.031 status=ok
func_id=1 instance_id=2 seed=1 best_y=0.210272 f_opt=0.000000 gap=0.210272 n_fevals=1000 duration_s=0.047 status=ok
func_id=1 instance_id=2 seed=2 best_y=0.190176 f_opt=0.000000 gap=0.190176 n_fevals=1000 duration_s=0.031 status=ok
func_id=8 instance_id=1 seed=0 best_y=425.342165 f_opt=0.000000 gap=425.342165 n_fevals=1000 duration_s=0.047 status=ok
func_id=8 instance_id=1 seed=1 best_y=122.354296 f_opt=0.000000 gap=122.354296 n_fevals=1000 duration_s=0.031 status=ok
func_id=8 instance_id=1 seed=2 best_y=98.246897 f_opt=0.000000 gap=98.246897 n_fevals=1000 duration_s=0.047 status=ok
func_id=8 instance_id=2 seed=0 best_y=17.550164 f_opt=0.000000 gap=17.550164 n_fevals=1000 duration_s=0.031 status=ok
func_id=8 instance_id=2 seed=1 best_y=1206.376373 f_opt=0.000000 gap=1206.376373 n_fevals=1000 duration_s=0.047 status=ok
func_id=8 instance_id=2 seed=2 best_y=30.974300 f_opt=0.000000 gap=30.974300 n_fevals=1000 duration_s=0.047 status=ok
func_id=15 instance_id=1 seed=0 best_y=20.935562 f_opt=0.000000 gap=20.935562 n_fevals=1000 duration_s=0.047 status=ok
func_id=15 instance_id=1 seed=1 best_y=15.713582 f_opt=0.000000 gap=15.713582 n_fevals=1000 duration_s=0.047 status=ok
func_id=15 instance_id=1 seed=2 best_y=14.933961 f_opt=0.000000 gap=14.933961 n_fevals=1000 duration_s=0.031 status=ok
func_id=15 instance_id=2 seed=0 best_y=8.694414 f_opt=0.000000 gap=8.694414 n_fevals=1000 duration_s=0.031 status=ok
func_id=15 instance_id=2 seed=1 best_y=16.769113 f_opt=0.000000 gap=16.769113 n_fevals=1000 duration_s=0.047 status=ok
func_id=15 instance_id=2 seed=2 best_y=14.396709 f_opt=0.000000 gap=14.396709 n_fevals=1000 duration_s=0.031 status=ok

---
mean_log_gap: 0.934144
median_log_gap: 1.185225
n_tuples: 18
n_errors: 0
f1_mean_log_gap: -0.454034
f8_mean_log_gap: 2.087574
f15_mean_log_gap: 1.168891
total_duration_s: 0.734
