func_id=1 instance_id=1 seed=0 best_y=0.000066 f_opt=0.000000 gap=0.000066 n_fevals=1000 duration_s=0.016 status=ok
func_id=1 instance_id=1 seed=1 best_y=0.000000 f_opt=0.000000 gap=0.000000 n_fevals=1000 duration_s=0.016 status=ok
func_id=1 instance_id=1 seed=2 best_y=0.000000 f_opt=0.000000 gap=0.000000 n_fevals=1000 duration_s=0.015 status=ok
func_id=1 instance_id=2 seed=0 best_y=0.000000 f_opt=0.000000 gap=0.000000 n_fevals=1000 duration_s=0.016 status=ok
func_id=1 instance_id=2 seed=1 best_y=0.000289 f_opt=0.000000 gap=0.000289 n_fevals=1000 duration_s=0.015 status=ok
func_id=1 instance_id=2 seed=2 best_y=0.000000 f_opt=0.000000 gap=0.000000 n_fevals=1000 duration_s=0.016 status=ok
func_id=8 instance_id=1 seed=0 best_y=3.107661 f_opt=0.000000 gap=3.107661 n_fevals=1000 duration_s=0.016 status=ok
func_id=8 instance_id=1 seed=1 best_y=280.712266 f_opt=0.000000 gap=280.712266 n_fevals=1000 duration_s=0.015 status=ok
func_id=8 instance_id=1 seed=2 best_y=128.886358 f_opt=0.000000 gap=128.886358 n_fevals=1000 duration_s=0.016 status=ok
func_id=8 instance_id=2 seed=0 best_y=4.140061 f_opt=0.000000 gap=4.140061 n_fevals=1000 duration_s=0.016 status=ok
func_id=8 instance_id=2 seed=1 best_y=165.697514 f_opt=0.000000 gap=165.697514 n_fevals=1000 duration_s=0.015 status=ok
func_id=8 instance_id=2 seed=2 best_y=4.016201 f_opt=0.000000 gap=4.016201 n_fevals=1000 duration_s=0.016 status=ok
func_id=15 instance_id=1 seed=0 best_y=75.278263 f_opt=0.000000 gap=75.278263 n_fevals=1000 duration_s=0.015 status=ok
func_id=15 instance_id=1 seed=1 best_y=39.798110 f_opt=0.000000 gap=39.798110 n_fevals=1000 duration_s=0.032 status=ok
func_id=15 instance_id=1 seed=2 best_y=39.463876 f_opt=0.000000 gap=39.463876 n_fevals=1000 duration_s=0.000 status=ok
func_id=15 instance_id=2 seed=0 best_y=51.635331 f_opt=0.000000 gap=51.635331 n_fevals=1000 duration_s=0.016 status=ok
func_id=15 instance_id=2 seed=1 best_y=29.030665 f_opt=0.000000 gap=29.030665 n_fevals=1000 duration_s=0.000 status=ok
func_id=15 instance_id=2 seed=2 best_y=27.863621 f_opt=0.000000 gap=27.863621 n_fevals=1000 duration_s=0.015 status=ok

---
mean_log_gap: -1.373308
median_log_gap: 1.031022
n_tuples: 18
n_errors: 0
f1_mean_log_gap: -7.150694
f8_mean_log_gap: 1.415173
f15_mean_log_gap: 1.615596
total_duration_s: 0.312
