func_id=1 instance_id=1 seed=0 best_y=0.008645 f_opt=0.000000 gap=0.008645 n_fevals=1000 duration_s=0.016 status=budget_exhausted
func_id=1 instance_id=1 seed=1 best_y=1.684861 f_opt=0.000000 gap=1.684861 n_fevals=1000 duration_s=0.016 status=budget_exhausted
func_id=1 instance_id=1 seed=2 best_y=0.403423 f_opt=0.000000 gap=0.403423 n_fevals=1000 duration_s=0.015 status=budget_exhausted
func_id=1 instance_id=2 seed=0 best_y=0.542016 f_opt=0.000000 gap=0.542016 n_fevals=1000 duration_s=0.016 status=budget_exhausted
func_id=1 instance_id=2 seed=1 best_y=0.279684 f_opt=0.000000 gap=0.279684 n_fevals=1000 duration_s=0.015 status=budget_exhausted
func_id=1 instance_id=2 seed=2 best_y=0.033099 f_opt=0.000000 gap=0.033099 n_fevals=1000 duration_s=0.016 status=budget_exhausted
func_id=8 instance_id=1 seed=0 best_y=28.132859 f_opt=0.000000 gap=28.132859 n_fevals=1000 duration_s=0.031 status=budget_exhausted
func_id=8 instance_id=1 seed=1 best_y=3.047482 f_opt=0.000000 gap=3.047482 n_fevals=1000 duration_s=0.016 status=budget_exhausted
func_id=8 instance_id=1 seed=2 best_y=4.417692 f_opt=0.000000 gap=4.417692 n_fevals=1000 duration_s=0.016 status=budget_exhausted
func_id=8 instance_id=2 seed=0 best_y=180.266007 f_opt=0.000000 gap=180.266007 n_fevals=1000 duration_s=0.015 status=budget_exhausted
func_id=8 instance_id=2 seed=1 best_y=0.679925 f_opt=0.000000 gap=0.679925 n_fevals=1000 duration_s=0.031 status=budget_exhausted
func_id=8 instance_id=2 seed=2 best_y=840.610227 f_opt=0.000000 gap=840.610227 n_fevals=1000 duration_s=0.016 status=budget_exhausted
func_id=15 instance_id=1 seed=0 best_y=9.969689 f_opt=0.000000 gap=9.969689 n_fevals=1000 duration_s=0.016 status=budget_exhausted
func_id=15 instance_id=1 seed=1 best_y=10.087223 f_opt=0.000000 gap=10.087223 n_fevals=1000 duration_s=0.015 status=budget_exhausted
func_id=15 instance_id=1 seed=2 best_y=14.402119 f_opt=0.000000 gap=14.402119 n_fevals=1000 duration_s=0.016 status=budget_exhausted
func_id=15 instance_id=2 seed=0 best_y=22.182625 f_opt=0.000000 gap=22.182625 n_fevals=1000 duration_s=0.016 status=budget_exhausted
func_id=15 instance_id=2 seed=1 best_y=17.466405 f_opt=0.000000 gap=17.466405 n_fevals=1000 duration_s=0.015 status=budget_exhausted
func_id=15 instance_id=2 seed=2 best_y=2.669068 f_opt=0.000000 gap=2.669068 n_fevals=1000 duration_s=0.016 status=budget_exhausted

---
mean_log_gap: 0.513132
median_log_gap: 0.564568
n_tuples: 18
n_errors: 0
f1_mean_log_gap: -0.755066
f8_mean_log_gap: 1.265220
f15_mean_log_gap: 1.029243
total_duration_s: 0.343
