func_id=1 instance_id=1 seed=0 best_y=4.497296 f_opt=0.000000 gap=4.497296 n_fevals=305 duration_s=0.000 status=ok
func_id=1 instance_id=1 seed=1 best_y=4.902869 f_opt=0.000000 gap=4.902869 n_fevals=305 duration_s=0.000 status=ok
func_id=1 instance_id=1 seed=2 best_y=4.636280 f_opt=0.000000 gap=4.636280 n_fevals=305 duration_s=0.016 status=ok
func_id=1 instance_id=2 seed=0 best_y=1.899572 f_opt=0.000000 gap=1.899572 n_fevals=305 duration_s=0.000 status=ok
func_id=1 instance_id=2 seed=1 best_y=5.698718 f_opt=0.000000 gap=5.698718 n_fevals=305 duration_s=0.000 status=ok
func_id=1 instance_id=2 seed=2 best_y=3.539745 f_opt=0.000000 gap=3.539745 n_fevals=305 duration_s=0.000 status=ok
func_id=8 instance_id=1 seed=0 best_y=1059.217078 f_opt=0.000000 gap=1059.217078 n_fevals=305 duration_s=0.000 status=ok
func_id=8 instance_id=1 seed=1 best_y=2042.504777 f_opt=0.000000 gap=2042.504777 n_fevals=305 duration_s=0.015 status=ok
func_id=8 instance_id=1 seed=2 best_y=516.141456 f_opt=0.000000 gap=516.141456 n_fevals=305 duration_s=0.000 status=ok
func_id=8 instance_id=2 seed=0 best_y=2271.707868 f_opt=0.000000 gap=2271.707868 n_fevals=305 duration_s=0.000 status=ok
func_id=8 instance_id=2 seed=1 best_y=231.797882 f_opt=0.000000 gap=231.797882 n_fevals=305 duration_s=0.016 status=ok
func_id=8 instance_id=2 seed=2 best_y=428.033798 f_opt=0.000000 gap=428.033798 n_fevals=305 duration_s=0.000 status=ok
func_id=15 instance_id=1 seed=0 best_y=24.365428 f_opt=0.000000 gap=24.365428 n_fevals=305 duration_s=0.000 status=ok
func_id=15 instance_id=1 seed=1 best_y=32.237752 f_opt=0.000000 gap=32.237752 n_fevals=305 duration_s=0.000 status=ok
func_id=15 instance_id=1 seed=2 best_y=31.511955 f_opt=0.000000 gap=31.511955 n_fevals=305 duration_s=0.016 status=ok
func_id=15 instance_id=2 seed=0 best_y=22.308337 f_opt=0.000000 gap=22.308337 n_fevals=305 duration_s=0.000 status=ok
func_id=15 instance_id=2 seed=1 best_y=34.121599 f_opt=0.000000 gap=34.121599 n_fevals=305 duration_s=0.000 status=ok
func_id=15 instance_id=2 seed=2 best_y=36.999355 f_opt=0.000000 gap=36.999355 n_fevals=305 duration_s=0.000 status=ok

---
mean_log_gap: 1.657619
median_log_gap: 1.503420
n_tuples: 18
n_errors: 0
f1_mean_log_gap: 0.598829
f8_mean_log_gap: 2.900143
f15_mean_log_gap: 1.473884
total_duration_s: 0.093
