func_id=1 instance_id=1 seed=0 best_y=13.969487 f_opt=0.000000 gap=13.969487 n_fevals=25 duration_s=0.000 status=ok
func_id=1 instance_id=1 seed=1 best_y=13.131009 f_opt=0.000000 gap=13.131009 n_fevals=25 duration_s=0.000 status=ok
func_id=1 instance_id=1 seed=2 best_y=21.343653 f_opt=0.000000 gap=21.343653 n_fevals=25 duration_s=0.000 status=ok
func_id=1 instance_id=2 seed=0 best_y=6.194674 f_opt=0.000000 gap=6.194674 n_fevals=25 duration_s=0.000 status=ok
func_id=1 instance_id=2 seed=1 best_y=11.098249 f_opt=0.000000 gap=11.098249 n_fevals=25 duration_s=0.000 status=ok
func_id=1 instance_id=2 seed=2 best_y=3.681965 f_opt=0.000000 gap=3.681965 n_fevals=25 duration_s=0.000 status=ok
func_id=8 instance_id=1 seed=0 best_y=1869.008926 f_opt=0.000000 gap=1869.008926 n_fevals=25 duration_s=0.000 status=ok
func_id=8 instance_id=1 seed=1 best_y=19245.166294 f_opt=0.000000 gap=19245.166294 n_fevals=25 duration_s=0.000 status=ok
func_id=8 instance_id=1 seed=2 best_y=11446.593266 f_opt=0.000000 gap=11446.593266 n_fevals=25 duration_s=0.000 status=ok
func_id=8 instance_id=2 seed=0 best_y=4342.511742 f_opt=0.000000 gap=4342.511742 n_fevals=25 duration_s=0.000 status=ok
func_id=8 instance_id=2 seed=1 best_y=4976.381644 f_opt=0.000000 gap=4976.381644 n_fevals=25 duration_s=0.000 status=ok
func_id=8 instance_id=2 seed=2 best_y=27495.915459 f_opt=0.000000 gap=27495.915459 n_fevals=25 duration_s=0.000 status=ok
func_id=15 instance_id=1 seed=0 best_y=55.819919 f_opt=0.000000 gap=55.819919 n_fevals=25 duration_s=0.000 status=ok
func_id=15 instance_id=1 seed=1 best_y=32.237752 f_opt=0.000000 gap=32.237752 n_fevals=25 duration_s=0.000 status=ok
func_id=15 instance_id=1 seed=2 best_y=55.422864 f_opt=0.000000 gap=55.422864 n_fevals=25 duration_s=0.000 status=ok
func_id=15 instance_id=2 seed=0 best_y=19.511887 f_opt=0.000000 gap=19.511887 n_fevals=25 duration_s=0.000 status=ok
func_id=15 instance_id=2 seed=1 best_y=65.397046 f_opt=0.000000 gap=65.397046 n_fevals=25 duration_s=0.000 status=ok
func_id=15 instance_id=2 seed=2 best_y=62.314196 f_opt=0.000000 gap=62.314196 n_fevals=25 duration_s=0.000 status=ok

---
mean_log_gap: 2.182440
median_log_gap: 1.745239
n_tuples: 18
n_errors: 0
f1_mean_log_gap: 0.999350
f8_mean_log_gap: 3.898089
f15_mean_log_gap: 1.649881
total_duration_s: 0.032
