func_id=1 instance_id=1 seed=0 best_y=0.122880 f_opt=0.000000 gap=0.122880 n_fevals=1000 duration_s=0.016 status=budget_exhausted
func_id=1 instance_id=1 seed=1 best_y=2.185613 f_opt=0.000000 gap=2.185613 n_fevals=1000 duration_s=0.015 status=budget_exhausted
func_id=1 instance_id=1 seed=2 best_y=0.014633 f_opt=0.000000 gap=0.014633 n_fevals=1000 duration_s=0.000 status=budget_exhausted
func_id=1 instance_id=2 seed=0 best_y=0.069878 f_opt=0.000000 gap=0.069878 n_fevals=1000 duration_s=0.016 status=budget_exhausted
func_id=1 instance_id=2 seed=1 best_y=0.061791 f_opt=0.000000 gap=0.061791 n_fevals=1000 duration_s=0.016 status=budget_exhausted
func_id=1 instance_id=2 seed=2 best_y=0.036759 f_opt=0.000000 gap=0.036759 n_fevals=1000 duration_s=0.000 status=budget_exhausted
func_id=8 instance_id=1 seed=0 best_y=20.323951 f_opt=0.000000 gap=20.323951 n_fevals=1000 duration_s=0.015 status=budget_exhausted
func_id=8 instance_id=1 seed=1 best_y=206.618012 f_opt=0.000000 gap=206.618012 n_fevals=1000 duration_s=0.016 status=budget_exhausted
func_id=8 instance_id=1 seed=2 best_y=139.200320 f_opt=0.000000 gap=139.200320 n_fevals=1000 duration_s=0.016 status=budget_exhausted
func_id=8 instance_id=2 seed=0 best_y=16.087066 f_opt=0.000000 gap=16.087066 n_fevals=1000 duration_s=0.000 status=budget_exhausted
func_id=8 instance_id=2 seed=1 best_y=6.055474 f_opt=0.000000 gap=6.055474 n_fevals=1000 duration_s=0.015 status=budget_exhausted
func_id=8 instance_id=2 seed=2 best_y=342.017852 f_opt=0.000000 gap=342.017852 n_fevals=1000 duration_s=0.016 status=budget_exhausted
func_id=15 instance_id=1 seed=0 best_y=64.178364 f_opt=0.000000 gap=64.178364 n_fevals=1000 duration_s=0.015 status=budget_exhausted
func_id=15 instance_id=1 seed=1 best_y=11.248965 f_opt=0.000000 gap=11.248965 n_fevals=1000 duration_s=0.000 status=budget_exhausted
func_id=15 instance_id=1 seed=2 best_y=12.345339 f_opt=0.000000 gap=12.345339 n_fevals=1000 duration_s=0.016 status=budget_exhausted
func_id=15 instance_id=2 seed=0 best_y=33.648281 f_opt=0.000000 gap=33.648281 n_fevals=1000 duration_s=0.016 status=budget_exhausted
func_id=15 instance_id=2 seed=1 best_y=52.356085 f_opt=0.000000 gap=52.356085 n_fevals=1000 duration_s=0.000 status=budget_exhausted
func_id=15 instance_id=2 seed=2 best_y=55.128098 f_opt=0.000000 gap=55.128098 n_fevals=1000 duration_s=0.015 status=budget_exhausted

---
mean_log_gap: 0.723435
median_log_gap: 1.148990
n_tuples: 18
n_errors: 0
f1_mean_log_gap: -1.034162
f8_mean_log_gap: 1.714915
f15_mean_log_gap: 1.489551
total_duration_s: 0.234
