func_id=1 instance_id=1 seed=0 best_y=1.458455 f_opt=0.000000 gap=1.458455 n_fevals=1000 duration_s=0.016 status=ok
func_id=1 instance_id=1 seed=1 best_y=0.870923 f_opt=0.000000 gap=0.870923 n_fevals=1000 duration_s=0.015 status=ok
func_id=1 instance_id=1 seed=2 best_y=0.849075 f_opt=0.000000 gap=0.849075 n_fevals=1000 duration_s=0.016 status=ok
func_id=1 instance_id=2 seed=0 best_y=2.019534 f_opt=0.000000 gap=2.019534 n_fevals=1000 duration_s=0.016 status=ok
func_id=1 instance_id=2 seed=1 best_y=1.810778 f_opt=0.000000 gap=1.810778 n_fevals=1000 duration_s=0.015 status=ok
func_id=1 instance_id=2 seed=2 best_y=0.567850 f_opt=0.000000 gap=0.567850 n_fevals=1000 duration_s=0.016 status=ok
func_id=8 instance_id=1 seed=0 best_y=303.136795 f_opt=0.000000 gap=303.136795 n_fevals=1000 duration_s=0.016 status=ok
func_id=8 instance_id=1 seed=1 best_y=329.631584 f_opt=0.000000 gap=329.631584 n_fevals=1000 duration_s=0.031 status=ok
func_id=8 instance_id=1 seed=2 best_y=98.915756 f_opt=0.000000 gap=98.915756 n_fevals=1000 duration_s=0.015 status=ok
func_id=8 instance_id=2 seed=0 best_y=49.030051 f_opt=0.000000 gap=49.030051 n_fevals=1000 duration_s=0.016 status=ok
func_id=8 instance_id=2 seed=1 best_y=109.725517 f_opt=0.000000 gap=109.725517 n_fevals=1000 duration_s=0.016 status=ok
func_id=8 instance_id=2 seed=2 best_y=222.287332 f_opt=0.000000 gap=222.287332 n_fevals=1000 duration_s=0.015 status=ok
func_id=15 instance_id=1 seed=0 best_y=22.866363 f_opt=0.000000 gap=22.866363 n_fevals=1000 duration_s=0.016 status=ok
func_id=15 instance_id=1 seed=1 best_y=17.223931 f_opt=0.000000 gap=17.223931 n_fevals=1000 duration_s=0.016 status=ok
func_id=15 instance_id=1 seed=2 best_y=30.492818 f_opt=0.000000 gap=30.492818 n_fevals=1000 duration_s=0.031 status=ok
func_id=15 instance_id=2 seed=0 best_y=23.976041 f_opt=0.000000 gap=23.976041 n_fevals=1000 duration_s=0.015 status=ok
func_id=15 instance_id=2 seed=1 best_y=26.075600 f_opt=0.000000 gap=26.075600 n_fevals=1000 duration_s=0.016 status=ok
func_id=15 instance_id=2 seed=2 best_y=20.540633 f_opt=0.000000 gap=20.540633 n_fevals=1000 duration_s=0.016 status=ok

---
mean_log_gap: 1.200608
median_log_gap: 1.369487
n_tuples: 18
n_errors: 0
f1_mean_log_gap: 0.058361
f8_mean_log_gap: 2.178770
f15_mean_log_gap: 1.364692
total_duration_s: 0.313
