func_id=1 instance_id=1 seed=0 best_y=31.427178 f_opt=0.000000 gap=31.427178 n_fevals=1000 duration_s=0.016 status=ok
func_id=1 instance_id=1 seed=1 best_y=24.650270 f_opt=0.000000 gap=24.650270 n_fevals=1000 duration_s=0.000 status=ok
func_id=1 instance_id=1 seed=2 best_y=10.305273 f_opt=0.000000 gap=10.305273 n_fevals=1000 duration_s=0.016 status=ok
func_id=1 instance_id=2 seed=0 best_y=6.650092 f_opt=0.000000 gap=6.650092 n_fevals=1000 duration_s=0.015 status=ok
func_id=1 instance_id=2 seed=1 best_y=2.710076 f_opt=0.000000 gap=2.710076 n_fevals=1000 duration_s=0.000 status=ok
func_id=1 instance_id=2 seed=2 best_y=0.857532 f_opt=0.000000 gap=0.857532 n_fevals=1000 duration_s=0.016 status=ok
func_id=8 instance_id=1 seed=0 best_y=6087.449266 f_opt=0.000000 gap=6087.449266 n_fevals=1000 duration_s=0.015 status=ok
func_id=8 instance_id=1 seed=1 best_y=22017.138080 f_opt=0.000000 gap=22017.138080 n_fevals=1000 duration_s=0.016 status=ok
func_id=8 instance_id=1 seed=2 best_y=53514.452457 f_opt=0.000000 gap=53514.452457 n_fevals=1000 duration_s=0.016 status=ok
func_id=8 instance_id=2 seed=0 best_y=11038.646291 f_opt=0.000000 gap=11038.646291 n_fevals=1000 duration_s=0.015 status=ok
func_id=8 instance_id=2 seed=1 best_y=14849.607671 f_opt=0.000000 gap=14849.607671 n_fevals=1000 duration_s=0.016 status=ok
func_id=8 instance_id=2 seed=2 best_y=27475.132511 f_opt=0.000000 gap=27475.132511 n_fevals=1000 duration_s=0.016 status=ok
func_id=15 instance_id=1 seed=0 best_y=47.253285 f_opt=0.000000 gap=47.253285 n_fevals=1000 duration_s=0.000 status=ok
func_id=15 instance_id=1 seed=1 best_y=40.749448 f_opt=0.000000 gap=40.749448 n_fevals=1000 duration_s=0.015 status=ok
func_id=15 instance_id=1 seed=2 best_y=47.119209 f_opt=0.000000 gap=47.119209 n_fevals=1000 duration_s=0.016 status=ok
func_id=15 instance_id=2 seed=0 best_y=59.772992 f_opt=0.000000 gap=59.772992 n_fevals=1000 duration_s=0.015 status=ok
func_id=15 instance_id=2 seed=1 best_y=68.810434 f_opt=0.000000 gap=68.810434 n_fevals=1000 duration_s=0.016 status=ok
func_id=15 instance_id=2 seed=2 best_y=38.307437 f_opt=0.000000 gap=38.307437 n_fevals=1000 duration_s=0.000 status=ok

---
mean_log_gap: 2.264204
median_log_gap: 1.673815
n_tuples: 18
n_errors: 0
f1_mean_log_gap: 0.848541
f8_mean_log_gap: 4.251540
f15_mean_log_gap: 1.692532
total_duration_s: 0.250
