func_id=1 instance_id=1 seed=0 best_y=0.162995 f_opt=0.000000 gap=0.162995 n_fevals=1000 duration_s=0.016 status=ok
func_id=1 instance_id=1 seed=1 best_y=0.143563 f_opt=0.000000 gap=0.143563 n_fevals=1000 duration_s=0.015 status=ok
func_id=1 instance_id=1 seed=2 best_y=0.173350 f_opt=0.000000 gap=0.173350 n_fevals=1000 duration_s=0.016 status=ok
func_id=1 instance_id=2 seed=0 best_y=0.132170 f_opt=0.000000 gap=0.132170 n_fevals=1000 duration_s=0.031 status=ok
func_id=1 instance_id=2 seed=1 best_y=0.117609 f_opt=0.000000 gap=0.117609 n_fevals=1000 duration_s=0.016 status=ok
func_id=1 instance_id=2 seed=2 best_y=0.098649 f_opt=0.000000 gap=0.098649 n_fevals=1000 duration_s=0.015 status=ok
func_id=8 instance_id=1 seed=0 best_y=7.349489 f_opt=0.000000 gap=7.349489 n_fevals=1000 duration_s=0.016 status=ok
func_id=8 instance_id=1 seed=1 best_y=9.349635 f_opt=0.000000 gap=9.349635 n_fevals=1000 duration_s=0.031 status=ok
func_id=8 instance_id=1 seed=2 best_y=17.366276 f_opt=0.000000 gap=17.366276 n_fevals=1000 duration_s=0.016 status=ok
func_id=8 instance_id=2 seed=0 best_y=10.891332 f_opt=0.000000 gap=10.891332 n_fevals=1000 duration_s=0.031 status=ok
func_id=8 instance_id=2 seed=1 best_y=13.058460 f_opt=0.000000 gap=13.058460 n_fevals=1000 duration_s=0.016 status=ok
func_id=8 instance_id=2 seed=2 best_y=9.001642 f_opt=0.000000 gap=9.001642 n_fevals=1000 duration_s=0.031 status=ok
func_id=15 instance_id=1 seed=0 best_y=9.752190 f_opt=0.000000 gap=9.752190 n_fevals=1000 duration_s=0.016 status=ok
func_id=15 instance_id=1 seed=1 best_y=15.067160 f_opt=0.000000 gap=15.067160 n_fevals=1000 duration_s=0.015 status=ok
func_id=15 instance_id=1 seed=2 best_y=8.364672 f_opt=0.000000 gap=8.364672 n_fevals=1000 duration_s=0.032 status=ok
func_id=15 instance_id=2 seed=0 best_y=13.455926 f_opt=0.000000 gap=13.455926 n_fevals=1000 duration_s=0.015 status=ok
func_id=15 instance_id=2 seed=1 best_y=11.712459 f_opt=0.000000 gap=11.712459 n_fevals=1000 duration_s=0.016 status=ok
func_id=15 instance_id=2 seed=2 best_y=9.111819 f_opt=0.000000 gap=9.111819 n_fevals=1000 duration_s=0.031 status=ok

---
mean_log_gap: 0.401367
median_log_gap: 0.956963
n_tuples: 18
n_errors: 0
f1_mean_log_gap: -0.867699
f8_mean_log_gap: 1.030676
f15_mean_log_gap: 1.041125
total_duration_s: 0.391
