func_id=1 instance_id=1 seed=0 best_y=10.126791 f_opt=0.000000 gap=10.126791 n_fevals=216 duration_s=0.000 status=error:ValueError
func_id=1 instance_id=1 seed=1 best_y=7.850714 f_opt=0.000000 gap=7.850714 n_fevals=216 duration_s=0.000 status=error:ValueError
func_id=1 instance_id=1 seed=2 best_y=8.106760 f_opt=0.000000 gap=8.106760 n_fevals=216 duration_s=0.000 status=error:ValueError
func_id=1 instance_id=2 seed=0 best_y=5.340416 f_opt=0.000000 gap=5.340416 n_fevals=216 duration_s=0.000 status=error:ValueError
func_id=1 instance_id=2 seed=1 best_y=10.178500 f_opt=0.000000 gap=10.178500 n_fevals=216 duration_s=0.000 status=error:ValueError
func_id=1 instance_id=2 seed=2 best_y=3.225602 f_opt=0.000000 gap=3.225602 n_fevals=216 duration_s=0.015 status=error:ValueError
func_id=8 instance_id=1 seed=0 best_y=1537.454065 f_opt=0.000000 gap=1537.454065 n_fevals=216 duration_s=0.000 status=error:ValueError
func_id=8 instance_id=1 seed=1 best_y=6411.339907 f_opt=0.000000 gap=6411.339907 n_fevals=216 duration_s=0.000 status=error:ValueError
func_id=8 instance_id=1 seed=2 best_y=2858.035400 f_opt=0.000000 gap=2858.035400 n_fevals=216 duration_s=0.000 status=error:ValueError
func_id=8 instance_id=2 seed=0 best_y=3372.600469 f_opt=0.000000 gap=3372.600469 n_fevals=216 duration_s=0.000 status=error:ValueError
func_id=8 instance_id=2 seed=1 best_y=4665.288692 f_opt=0.000000 gap=4665.288692 n_fevals=216 duration_s=0.016 status=error:ValueError
func_id=8 instance_id=2 seed=2 best_y=2386.818607 f_opt=0.000000 gap=2386.818607 n_fevals=216 duration_s=0.000 status=error:ValueError
func_id=15 instance_id=1 seed=0 best_y=57.593066 f_opt=0.000000 gap=57.593066 n_fevals=216 duration_s=0.000 status=error:ValueError
func_id=15 instance_id=1 seed=1 best_y=17.343377 f_opt=0.000000 gap=17.343377 n_fevals=216 duration_s=0.000 status=error:ValueError
func_id=15 instance_id=1 seed=2 best_y=32.831409 f_opt=0.000000 gap=32.831409 n_fevals=216 duration_s=0.000 status=error:ValueError
func_id=15 instance_id=2 seed=0 best_y=20.649462 f_opt=0.000000 gap=20.649462 n_fevals=216 duration_s=0.000 status=error:ValueError
func_id=15 instance_id=2 seed=1 best_y=43.965922 f_opt=0.000000 gap=43.965922 n_fevals=216 duration_s=0.016 status=error:ValueError
func_id=15 instance_id=2 seed=2 best_y=51.817817 f_opt=0.000000 gap=51.817817 n_fevals=216 duration_s=0.000 status=error:ValueError

---
mean_log_gap: 1.959215
median_log_gap: 1.579703
n_tuples: 18
n_errors: 18
f1_mean_log_gap: 0.842183
f8_mean_log_gap: 3.504080
f15_mean_log_gap: 1.531383
total_duration_s: 0.063
