func_id=1 instance_id=1 seed=0 best_y=59.316510 f_opt=0.000000 gap=59.316510 n_fevals=7 duration_s=0.000 status=error:UnboundLocalError
func_id=1 instance_id=1 seed=1 best_y=8.977493 f_opt=0.000000 gap=8.977493 n_fevals=8 duration_s=0.000 status=error:UnboundLocalError
func_id=1 instance_id=1 seed=2 best_y=13.344322 f_opt=0.000000 gap=13.344322 n_fevals=7 duration_s=0.000 status=error:UnboundLocalError
func_id=1 instance_id=2 seed=0 best_y=21.517719 f_opt=0.000000 gap=21.517719 n_fevals=7 duration_s=0.000 status=error:UnboundLocalError
func_id=1 instance_id=2 seed=1 best_y=18.063873 f_opt=0.000000 gap=18.063873 n_fevals=7 duration_s=0.000 status=error:UnboundLocalError
func_id=1 instance_id=2 seed=2 best_y=12.247540 f_opt=0.000000 gap=12.247540 n_fevals=7 duration_s=0.000 status=error:UnboundLocalError
func_id=8 instance_id=1 seed=0 best_y=26118.889939 f_opt=0.000000 gap=26118.889939 n_fevals=7 duration_s=0.000 status=error:UnboundLocalError
func_id=8 instance_id=1 seed=1 best_y=26876.099001 f_opt=0.000000 gap=26876.099001 n_fevals=7 duration_s=0.000 status=error:UnboundLocalError
func_id=8 instance_id=1 seed=2 best_y=1045.950916 f_opt=0.000000 gap=1045.950916 n_fevals=7 duration_s=0.000 status=error:UnboundLocalError
func_id=8 instance_id=2 seed=0 best_y=110331.541797 f_opt=0.000000 gap=110331.541797 n_fevals=7 duration_s=0.000 status=error:UnboundLocalError
func_id=8 instance_id=2 seed=1 best_y=8104.393225 f_opt=0.000000 gap=8104.393225 n_fevals=8 duration_s=0.000 status=error:ValueError
func_id=8 instance_id=2 seed=2 best_y=12854.636895 f_opt=0.000000 gap=12854.636895 n_fevals=8 duration_s=0.000 status=error:ValueError
func_id=15 instance_id=1 seed=0 best_y=77.950772 f_opt=0.000000 gap=77.950772 n_fevals=7 duration_s=0.000 status=error:UnboundLocalError
func_id=15 instance_id=1 seed=1 best_y=60.021161 f_opt=0.000000 gap=60.021161 n_fevals=7 duration_s=0.000 status=error:UnboundLocalError
func_id=15 instance_id=1 seed=2 best_y=55.198926 f_opt=0.000000 gap=55.198926 n_fevals=7 duration_s=0.000 status=error:UnboundLocalError
func_id=15 instance_id=2 seed=0 best_y=29.313849 f_opt=0.000000 gap=29.313849 n_fevals=8 duration_s=0.000 status=error:ValueError
func_id=15 instance_id=2 seed=1 best_y=105.280643 f_opt=0.000000 gap=105.280643 n_fevals=8 duration_s=0.000 status=error:ValueError
func_id=15 instance_id=2 seed=2 best_y=74.881799 f_opt=0.000000 gap=74.881799 n_fevals=8 duration_s=0.000 status=error:UnboundLocalError

---
mean_log_gap: 2.401747
median_log_gap: 1.826340
n_tuples: 18
n_errors: 18
f1_mean_log_gap: 1.254881
f8_mean_log_gap: 4.154385
f15_mean_log_gap: 1.795976
total_duration_s: 0.031
