func_id=1 instance_id=1 seed=0 best_y=0.313792 f_opt=0.000000 gap=0.313792 n_fevals=1000 duration_s=0.016 status=ok
func_id=1 instance_id=1 seed=1 best_y=0.363575 f_opt=0.000000 gap=0.363575 n_fevals=1000 duration_s=0.015 status=ok
func_id=1 instance_id=1 seed=2 best_y=0.301255 f_opt=0.000000 gap=0.301255 n_fevals=1000 duration_s=0.000 status=ok
func_id=1 instance_id=2 seed=0 best_y=0.150266 f_opt=0.000000 gap=0.150266 n_fevals=1000 duration_s=0.016 status=ok
func_id=1 instance_id=2 seed=1 best_y=0.374040 f_opt=0.000000 gap=0.374040 n_fevals=1000 duration_s=0.000 status=ok
func_id=1 instance_id=2 seed=2 best_y=0.286713 f_opt=0.000000 gap=0.286713 n_fevals=1000 duration_s=0.015 status=ok
func_id=8 instance_id=1 seed=0 best_y=23.466235 f_opt=0.000000 gap=23.466235 n_fevals=1000 duration_s=0.016 status=ok
func_id=8 instance_id=1 seed=1 best_y=2.869118 f_opt=0.000000 gap=2.869118 n_fevals=1000 duration_s=0.000 status=ok
func_id=8 instance_id=1 seed=2 best_y=49.034434 f_opt=0.000000 gap=49.034434 n_fevals=1000 duration_s=0.016 status=ok
func_id=8 instance_id=2 seed=0 best_y=13.950829 f_opt=0.000000 gap=13.950829 n_fevals=1000 duration_s=0.015 status=ok
func_id=8 instance_id=2 seed=1 best_y=13.217102 f_opt=0.000000 gap=13.217102 n_fevals=1000 duration_s=0.016 status=ok
func_id=8 instance_id=2 seed=2 best_y=15.778090 f_opt=0.000000 gap=15.778090 n_fevals=1000 duration_s=0.016 status=ok
func_id=15 instance_id=1 seed=0 best_y=9.443640 f_opt=0.000000 gap=9.443640 n_fevals=1000 duration_s=0.015 status=ok
func_id=15 instance_id=1 seed=1 best_y=10.004438 f_opt=0.000000 gap=10.004438 n_fevals=1000 duration_s=0.016 status=ok
func_id=15 instance_id=1 seed=2 best_y=9.636517 f_opt=0.000000 gap=9.636517 n_fevals=1000 duration_s=0.000 status=ok
func_id=15 instance_id=2 seed=0 best_y=20.649103 f_opt=0.000000 gap=20.649103 n_fevals=1000 duration_s=0.015 status=ok
func_id=15 instance_id=2 seed=1 best_y=7.413635 f_opt=0.000000 gap=7.413635 n_fevals=1000 duration_s=0.000 status=ok
func_id=15 instance_id=2 seed=2 best_y=21.822056 f_opt=0.000000 gap=21.822056 n_fevals=1000 duration_s=0.016 status=ok

---
mean_log_gap: 0.567165
median_log_gap: 0.979530
n_tuples: 18
n_errors: 0
f1_mean_log_gap: -0.542767
f8_mean_log_gap: 1.163747
f15_mean_log_gap: 1.080513
total_duration_s: 0.235
