func_id=1 instance_id=1 seed=0 best_y=42.516470 f_opt=0.000000 gap=42.516470 n_fevals=26 duration_s=0.000 status=error:TypeError
func_id=1 instance_id=1 seed=1 best_y=17.605436 f_opt=0.000000 gap=17.605436 n_fevals=35 duration_s=0.016 status=error:TypeError
func_id=1 instance_id=1 seed=2 best_y=32.149741 f_opt=0.000000 gap=32.149741 n_fevals=49 duration_s=0.000 status=error:TypeError
func_id=1 instance_id=2 seed=0 best_y=34.496021 f_opt=0.000000 gap=34.496021 n_fevals=26 duration_s=0.000 status=error:TypeError
func_id=1 instance_id=2 seed=1 best_y=22.082663 f_opt=0.000000 gap=22.082663 n_fevals=35 duration_s=0.000 status=error:TypeError
func_id=1 instance_id=2 seed=2 best_y=31.758504 f_opt=0.000000 gap=31.758504 n_fevals=12 duration_s=0.000 status=error:TypeError
func_id=8 instance_id=1 seed=0 best_y=26954.322561 f_opt=0.000000 gap=26954.322561 n_fevals=91 duration_s=0.000 status=error:TypeError
func_id=8 instance_id=1 seed=1 best_y=24249.599874 f_opt=0.000000 gap=24249.599874 n_fevals=582 duration_s=0.000 status=error:TypeError
func_id=8 instance_id=1 seed=2 best_y=142418.513794 f_opt=0.000000 gap=142418.513794 n_fevals=26 duration_s=0.000 status=error:TypeError
func_id=8 instance_id=2 seed=0 best_y=29055.353673 f_opt=0.000000 gap=29055.353673 n_fevals=35 duration_s=0.000 status=error:TypeError
func_id=8 instance_id=2 seed=1 best_y=61456.128259 f_opt=0.000000 gap=61456.128259 n_fevals=54 duration_s=0.000 status=error:TypeError
func_id=8 instance_id=2 seed=2 best_y=78367.301646 f_opt=0.000000 gap=78367.301646 n_fevals=126 duration_s=0.015 status=error:TypeError
func_id=15 instance_id=1 seed=0 best_y=67.330355 f_opt=0.000000 gap=67.330355 n_fevals=35 duration_s=0.000 status=error:TypeError
func_id=15 instance_id=1 seed=1 best_y=134.535974 f_opt=0.000000 gap=134.535974 n_fevals=40 duration_s=0.000 status=error:TypeError
func_id=15 instance_id=1 seed=2 best_y=97.463131 f_opt=0.000000 gap=97.463131 n_fevals=35 duration_s=0.000 status=error:TypeError
func_id=15 instance_id=2 seed=0 best_y=78.584112 f_opt=0.000000 gap=78.584112 n_fevals=49 duration_s=0.000 status=error:TypeError
func_id=15 instance_id=2 seed=1 best_y=68.011452 f_opt=0.000000 gap=68.011452 n_fevals=1000 duration_s=0.016 status=ok
func_id=15 instance_id=2 seed=2 best_y=102.136762 f_opt=0.000000 gap=102.136762 n_fevals=26 duration_s=0.000 status=error:TypeError

---
mean_log_gap: 2.697938
median_log_gap: 1.942088
n_tuples: 18
n_errors: 17
f1_mean_log_gap: 1.460844
f8_mean_log_gap: 4.685804
f15_mean_log_gap: 1.947165
total_duration_s: 0.047
