func_id=1 instance_id=1 seed=0 best_y=0.000334 f_opt=0.000000 gap=0.000334 n_fevals=1000 duration_s=0.015 status=ok
func_id=1 instance_id=1 seed=1 best_y=0.001076 f_opt=0.000000 gap=0.001076 n_fevals=1000 duration_s=0.016 status=ok
func_id=1 instance_id=1 seed=2 best_y=0.000623 f_opt=0.000000 gap=0.000623 n_fevals=1000 duration_s=0.000 status=ok
func_id=1 instance_id=2 seed=0 best_y=0.001105 f_opt=0.000000 gap=0.001105 n_fevals=1000 duration_s=0.016 status=ok
func_id=1 instance_id=2 seed=1 best_y=0.000411 f_opt=0.000000 gap=0.000411 n_fevals=1000 duration_s=0.000 status=ok
func_id=1 instance_id=2 seed=2 best_y=0.001487 f_opt=0.000000 gap=0.001487 n_fevals=1000 duration_s=0.015 status=ok
func_id=8 instance_id=1 seed=0 best_y=1.391931 f_opt=0.000000 gap=1.391931 n_fevals=1000 duration_s=0.016 status=ok
func_id=8 instance_id=1 seed=1 best_y=2.444309 f_opt=0.000000 gap=2.444309 n_fevals=1000 duration_s=0.015 status=ok
func_id=8 instance_id=1 seed=2 best_y=4.746725 f_opt=0.000000 gap=4.746725 n_fevals=1000 duration_s=0.016 status=ok
func_id=8 instance_id=2 seed=0 best_y=2.001560 f_opt=0.000000 gap=2.001560 n_fevals=1000 duration_s=0.016 status=ok
func_id=8 instance_id=2 seed=1 best_y=4.327866 f_opt=0.000000 gap=4.327866 n_fevals=1000 duration_s=0.000 status=ok
func_id=8 instance_id=2 seed=2 best_y=4.084405 f_opt=0.000000 gap=4.084405 n_fevals=1000 duration_s=0.015 status=ok
func_id=15 instance_id=1 seed=0 best_y=43.001526 f_opt=0.000000 gap=43.001526 n_fevals=1000 duration_s=0.016 status=ok
func_id=15 instance_id=1 seed=1 best_y=17.966235 f_opt=0.000000 gap=17.966235 n_fevals=1000 duration_s=0.016 status=ok
func_id=15 instance_id=1 seed=2 best_y=10.965476 f_opt=0.000000 gap=10.965476 n_fevals=1000 duration_s=0.015 status=ok
func_id=15 instance_id=2 seed=0 best_y=29.361899 f_opt=0.000000 gap=29.361899 n_fevals=1000 duration_s=0.000 status=ok
func_id=15 instance_id=2 seed=1 best_y=41.797709 f_opt=0.000000 gap=41.797709 n_fevals=1000 duration_s=0.016 status=ok
func_id=15 instance_id=2 seed=2 best_y=32.246310 f_opt=0.000000 gap=32.246310 n_fevals=1000 duration_s=0.015 status=ok

---
mean_log_gap: -0.418811
median_log_gap: 0.499642
n_tuples: 18
n_errors: 0
f1_mean_log_gap: -3.136820
f8_mean_log_gap: 0.459490
f15_mean_log_gap: 1.420898
total_duration_s: 0.250
