func_id=1 instance_id=1 seed=0 best_y=15.837567 f_opt=0.000000 gap=15.837567 n_fevals=2 duration_s=0.000 status=error:UnboundLocalError
func_id=1 instance_id=1 seed=1 best_y=46.701667 f_opt=0.000000 gap=46.701667 n_fevals=2 duration_s=0.000 status=error:UnboundLocalError
func_id=1 instance_id=1 seed=2 best_y=19.379704 f_opt=0.000000 gap=19.379704 n_fevals=2 duration_s=0.000 status=error:UnboundLocalError
func_id=1 instance_id=2 seed=0 best_y=38.416618 f_opt=0.000000 gap=38.416618 n_fevals=2 duration_s=0.000 status=error:UnboundLocalError
func_id=1 instance_id=2 seed=1 best_y=24.938102 f_opt=0.000000 gap=24.938102 n_fevals=2 duration_s=0.000 status=error:UnboundLocalError
func_id=1 instance_id=2 seed=2 best_y=45.217199 f_opt=0.000000 gap=45.217199 n_fevals=2 duration_s=0.000 status=error:UnboundLocalError
func_id=8 instance_id=1 seed=0 best_y=1523.825358 f_opt=0.000000 gap=1523.825358 n_fevals=2 duration_s=0.000 status=error:UnboundLocalError
func_id=8 instance_id=1 seed=1 best_y=306823.131478 f_opt=0.000000 gap=306823.131478 n_fevals=2 duration_s=0.000 status=error:UnboundLocalError
func_id=8 instance_id=1 seed=2 best_y=11446.593266 f_opt=0.000000 gap=11446.593266 n_fevals=2 duration_s=0.000 status=error:UnboundLocalError
func_id=8 instance_id=2 seed=0 best_y=437121.269823 f_opt=0.000000 gap=437121.269823 n_fevals=2 duration_s=0.000 status=error:UnboundLocalError
func_id=8 instance_id=2 seed=1 best_y=288421.874748 f_opt=0.000000 gap=288421.874748 n_fevals=2 duration_s=0.000 status=error:UnboundLocalError
func_id=8 instance_id=2 seed=2 best_y=44366.536099 f_opt=0.000000 gap=44366.536099 n_fevals=2 duration_s=0.000 status=error:UnboundLocalError
func_id=15 instance_id=1 seed=0 best_y=185.568806 f_opt=0.000000 gap=185.568806 n_fevals=2 duration_s=0.000 status=error:UnboundLocalError
func_id=15 instance_id=1 seed=1 best_y=151.235453 f_opt=0.000000 gap=151.235453 n_fevals=2 duration_s=0.000 status=error:UnboundLocalError
func_id=15 instance_id=1 seed=2 best_y=115.697232 f_opt=0.000000 gap=115.697232 n_fevals=2 duration_s=0.000 status=error:UnboundLocalError
func_id=15 instance_id=2 seed=0 best_y=73.678210 f_opt=0.000000 gap=73.678210 n_fevals=2 duration_s=0.000 status=error:UnboundLocalError
func_id=15 instance_id=2 seed=1 best_y=64.147046 f_opt=0.000000 gap=64.147046 n_fevals=2 duration_s=0.000 status=error:UnboundLocalError
func_id=15 instance_id=2 seed=2 best_y=112.144788 f_opt=0.000000 gap=112.144788 n_fevals=2 duration_s=0.000 status=error:UnboundLocalError

---
mean_log_gap: 2.750279
median_log_gap: 2.056551
n_tuples: 18
n_errors: 18
f1_mean_log_gap: 1.465509
f8_mean_log_gap: 4.746031
f15_mean_log_gap: 2.039296
total_duration_s: 0.031
