func_id=1 instance_id=1 seed=0 best_y=0.002978 f_opt=0.000000 gap=0.002978 n_fevals=1000 duration_s=0.016 status=budget_exhausted
func_id=1 instance_id=1 seed=1 best_y=0.010459 f_opt=0.000000 gap=0.010459 n_fevals=1000 duration_s=0.015 status=budget_exhausted
func_id=1 instance_id=1 seed=2 best_y=0.012791 f_opt=0.000000 gap=0.012791 n_fevals=1000 duration_s=0.016 status=budget_exhausted
func_id=1 instance_id=2 seed=0 best_y=0.012722 f_opt=0.000000 gap=0.012722 n_fevals=1000 duration_s=0.015 status=budget_exhausted
func_id=1 instance_id=2 seed=1 best_y=0.017854 f_opt=0.000000 gap=0.017854 n_fevals=1000 duration_s=0.016 status=budget_exhausted
func_id=1 instance_id=2 seed=2 best_y=0.005458 f_opt=0.000000 gap=0.005458 n_fevals=1000 duration_s=0.016 status=budget_exhausted
func_id=8 instance_id=1 seed=0 best_y=6.692449 f_opt=0.000000 gap=6.692449 n_fevals=1000 duration_s=0.015 status=budget_exhausted
func_id=8 instance_id=1 seed=1 best_y=4.365544 f_opt=0.000000 gap=4.365544 n_fevals=1000 duration_s=0.032 status=budget_exhausted
func_id=8 instance_id=1 seed=2 best_y=3.040896 f_opt=0.000000 gap=3.040896 n_fevals=1000 duration_s=0.015 status=budget_exhausted
func_id=8 instance_id=2 seed=0 best_y=15.517498 f_opt=0.000000 gap=15.517498 n_fevals=1000 duration_s=0.016 status=budget_exhausted
func_id=8 instance_id=2 seed=1 best_y=3.562146 f_opt=0.000000 gap=3.562146 n_fevals=1000 duration_s=0.015 status=budget_exhausted
func_id=8 instance_id=2 seed=2 best_y=5.290982 f_opt=0.000000 gap=5.290982 n_fevals=1000 duration_s=0.016 status=budget_exhausted
func_id=15 instance_id=1 seed=0 best_y=12.903547 f_opt=0.000000 gap=12.903547 n_fevals=1000 duration_s=0.016 status=budget_exhausted
func_id=15 instance_id=1 seed=1 best_y=8.118443 f_opt=0.000000 gap=8.118443 n_fevals=1000 duration_s=0.031 status=budget_exhausted
func_id=15 instance_id=1 seed=2 best_y=15.009920 f_opt=0.000000 gap=15.009920 n_fevals=1000 duration_s=0.016 status=budget_exhausted
func_id=15 instance_id=2 seed=0 best_y=2.101372 f_opt=0.000000 gap=2.101372 n_fevals=1000 duration_s=0.015 status=budget_exhausted
func_id=15 instance_id=2 seed=1 best_y=12.035262 f_opt=0.000000 gap=12.035262 n_fevals=1000 duration_s=0.016 status=budget_exhausted
func_id=15 instance_id=2 seed=2 best_y=7.191240 f_opt=0.000000 gap=7.191240 n_fevals=1000 duration_s=0.015 status=budget_exhausted

---
mean_log_gap: -0.135295
median_log_gap: 0.595875
n_tuples: 18
n_errors: 0
f1_mean_log_gap: -2.051055
f8_mean_log_gap: 0.735782
f15_mean_log_gap: 0.909387
total_duration_s: 0.328
