func_id=1 instance_id=1 seed=0 best_y=69.342971 f_opt=0.000000 gap=69.342971 n_fevals=6 duration_s=0.000 status=error:UnboundLocalError
func_id=1 instance_id=1 seed=1 best_y=100.798771 f_opt=0.000000 gap=100.798771 n_fevals=6 duration_s=0.000 status=error:UnboundLocalError
func_id=1 instance_id=1 seed=2 best_y=27.154275 f_opt=0.000000 gap=27.154275 n_fevals=6 duration_s=0.000 status=error:UnboundLocalError
func_id=1 instance_id=2 seed=0 best_y=56.426945 f_opt=0.000000 gap=56.426945 n_fevals=6 duration_s=0.000 status=error:UnboundLocalError
func_id=1 instance_id=2 seed=1 best_y=33.052424 f_opt=0.000000 gap=33.052424 n_fevals=6 duration_s=0.000 status=error:UnboundLocalError
func_id=1 instance_id=2 seed=2 best_y=24.030647 f_opt=0.000000 gap=24.030647 n_fevals=6 duration_s=0.000 status=error:UnboundLocalError
func_id=8 instance_id=1 seed=0 best_y=9795.915041 f_opt=0.000000 gap=9795.915041 n_fevals=6 duration_s=0.000 status=error:UnboundLocalError
func_id=8 instance_id=1 seed=1 best_y=57276.649321 f_opt=0.000000 gap=57276.649321 n_fevals=6 duration_s=0.000 status=error:UnboundLocalError
func_id=8 instance_id=1 seed=2 best_y=41218.568965 f_opt=0.000000 gap=41218.568965 n_fevals=6 duration_s=0.000 status=error:UnboundLocalError
func_id=8 instance_id=2 seed=0 best_y=136794.571926 f_opt=0.000000 gap=136794.571926 n_fevals=6 duration_s=0.000 status=error:UnboundLocalError
func_id=8 instance_id=2 seed=1 best_y=4976.381607 f_opt=0.000000 gap=4976.381607 n_fevals=6 duration_s=0.000 status=error:UnboundLocalError
func_id=8 instance_id=2 seed=2 best_y=179920.045231 f_opt=0.000000 gap=179920.045231 n_fevals=6 duration_s=0.000 status=error:UnboundLocalError
func_id=15 instance_id=1 seed=0 best_y=126.419309 f_opt=0.000000 gap=126.419309 n_fevals=6 duration_s=0.000 status=error:UnboundLocalError
func_id=15 instance_id=1 seed=1 best_y=32.237752 f_opt=0.000000 gap=32.237752 n_fevals=6 duration_s=0.000 status=error:UnboundLocalError
func_id=15 instance_id=1 seed=2 best_y=55.422864 f_opt=0.000000 gap=55.422864 n_fevals=6 duration_s=0.000 status=error:UnboundLocalError
func_id=15 instance_id=2 seed=0 best_y=95.707762 f_opt=0.000000 gap=95.707762 n_fevals=6 duration_s=0.000 status=error:UnboundLocalError
func_id=15 instance_id=2 seed=1 best_y=172.576887 f_opt=0.000000 gap=172.576887 n_fevals=6 duration_s=0.000 status=error:UnboundLocalError
func_id=15 instance_id=2 seed=2 best_y=156.941704 f_opt=0.000000 gap=156.941704 n_fevals=6 duration_s=0.000 status=error:UnboundLocalError

---
mean_log_gap: 2.730526
median_log_gap: 2.052634
n_tuples: 18
n_errors: 18
f1_mean_log_gap: 1.654959
f8_mean_log_gap: 4.575363
f15_mean_log_gap: 1.961256
total_duration_s: 0.016
