func_id=1 instance_id=1 seed=0 best_y=15.837567 f_opt=0.000000 gap=15.837567 n_fevals=24 duration_s=0.000 status=error:AttributeError
func_id=1 instance_id=1 seed=1 best_y=18.428272 f_opt=0.000000 gap=18.428272 n_fevals=24 duration_s=0.000 status=error:AttributeError
func_id=1 instance_id=1 seed=2 best_y=24.731408 f_opt=0.000000 gap=24.731408 n_fevals=24 duration_s=0.000 status=error:AttributeError
func_id=1 instance_id=2 seed=0 best_y=6.194674 f_opt=0.000000 gap=6.194674 n_fevals=24 duration_s=0.000 status=error:AttributeError
func_id=1 instance_id=2 seed=1 best_y=15.753933 f_opt=0.000000 gap=15.753933 n_fevals=24 duration_s=0.000 status=error:AttributeError
func_id=1 instance_id=2 seed=2 best_y=16.237024 f_opt=0.000000 gap=16.237024 n_fevals=24 duration_s=0.000 status=error:AttributeError
func_id=8 instance_id=1 seed=0 best_y=990.711109 f_opt=0.000000 gap=990.711109 n_fevals=24 duration_s=0.000 status=error:AttributeError
func_id=8 instance_id=1 seed=1 best_y=48313.313516 f_opt=0.000000 gap=48313.313516 n_fevals=24 duration_s=0.000 status=error:AttributeError
func_id=8 instance_id=1 seed=2 best_y=5946.649056 f_opt=0.000000 gap=5946.649056 n_fevals=24 duration_s=0.015 status=error:AttributeError
func_id=8 instance_id=2 seed=0 best_y=4342.511742 f_opt=0.000000 gap=4342.511742 n_fevals=24 duration_s=0.000 status=error:AttributeError
func_id=8 instance_id=2 seed=1 best_y=4976.381644 f_opt=0.000000 gap=4976.381644 n_fevals=24 duration_s=0.000 status=error:AttributeError
func_id=8 instance_id=2 seed=2 best_y=38979.008260 f_opt=0.000000 gap=38979.008260 n_fevals=24 duration_s=0.000 status=error:AttributeError
func_id=15 instance_id=1 seed=0 best_y=90.631823 f_opt=0.000000 gap=90.631823 n_fevals=24 duration_s=0.000 status=error:AttributeError
func_id=15 instance_id=1 seed=1 best_y=32.237752 f_opt=0.000000 gap=32.237752 n_fevals=24 duration_s=0.000 status=error:AttributeError
func_id=15 instance_id=1 seed=2 best_y=39.734978 f_opt=0.000000 gap=39.734978 n_fevals=24 duration_s=0.000 status=error:AttributeError
func_id=15 instance_id=2 seed=0 best_y=89.115488 f_opt=0.000000 gap=89.115488 n_fevals=24 duration_s=0.000 status=error:AttributeError
func_id=15 instance_id=2 seed=1 best_y=82.668924 f_opt=0.000000 gap=82.668924 n_fevals=24 duration_s=0.000 status=error:AttributeError
func_id=15 instance_id=2 seed=2 best_y=62.314196 f_opt=0.000000 gap=62.314196 n_fevals=24 duration_s=0.000 status=error:AttributeError

---
mean_log_gap: 2.286934
median_log_gap: 1.855965
n_tuples: 18
n_errors: 18
f1_mean_log_gap: 1.176389
f8_mean_log_gap: 3.896629
f15_mean_log_gap: 1.787783
total_duration_s: 0.015
