func_id=1 instance_id=1 seed=0 best_y=4.497296 f_opt=0.000000 gap=4.497296 n_fevals=1000 duration_s=0.015 status=ok
func_id=1 instance_id=1 seed=1 best_y=2.759294 f_opt=0.000000 gap=2.759294 n_fevals=1000 duration_s=0.000 status=ok
func_id=1 instance_id=1 seed=2 best_y=1.328968 f_opt=0.000000 gap=1.328968 n_fevals=1000 duration_s=0.016 status=ok
func_id=1 instance_id=2 seed=0 best_y=2.022115 f_opt=0.000000 gap=2.022115 n_fevals=1000 duration_s=0.015 status=ok
func_id=1 instance_id=2 seed=1 best_y=2.169657 f_opt=0.000000 gap=2.169657 n_fevals=1000 duration_s=0.000 status=ok
func_id=1 instance_id=2 seed=2 best_y=3.459464 f_opt=0.000000 gap=3.459464 n_fevals=1000 duration_s=0.016 status=ok
func_id=8 instance_id=1 seed=0 best_y=357.381890 f_opt=0.000000 gap=357.381890 n_fevals=1000 duration_s=0.016 status=ok
func_id=8 instance_id=1 seed=1 best_y=353.808475 f_opt=0.000000 gap=353.808475 n_fevals=1000 duration_s=0.015 status=ok
func_id=8 instance_id=1 seed=2 best_y=516.141456 f_opt=0.000000 gap=516.141456 n_fevals=1000 duration_s=0.016 status=ok
func_id=8 instance_id=2 seed=0 best_y=691.222758 f_opt=0.000000 gap=691.222758 n_fevals=1000 duration_s=0.016 status=ok
func_id=8 instance_id=2 seed=1 best_y=231.797882 f_opt=0.000000 gap=231.797882 n_fevals=1000 duration_s=0.015 status=ok
func_id=8 instance_id=2 seed=2 best_y=332.487769 f_opt=0.000000 gap=332.487769 n_fevals=1000 duration_s=0.000 status=ok
func_id=15 instance_id=1 seed=0 best_y=24.365428 f_opt=0.000000 gap=24.365428 n_fevals=1000 duration_s=0.016 status=ok
func_id=15 instance_id=1 seed=1 best_y=19.190396 f_opt=0.000000 gap=19.190396 n_fevals=1000 duration_s=0.015 status=ok
func_id=15 instance_id=1 seed=2 best_y=16.934872 f_opt=0.000000 gap=16.934872 n_fevals=1000 duration_s=0.016 status=ok
func_id=15 instance_id=2 seed=0 best_y=22.308337 f_opt=0.000000 gap=22.308337 n_fevals=1000 duration_s=0.016 status=ok
func_id=15 instance_id=2 seed=1 best_y=19.425586 f_opt=0.000000 gap=19.425586 n_fevals=1000 duration_s=0.015 status=ok
func_id=15 instance_id=2 seed=2 best_y=26.996880 f_opt=0.000000 gap=26.996880 n_fevals=1000 duration_s=0.016 status=ok

---
mean_log_gap: 1.439247
median_log_gap: 1.318421
n_tuples: 18
n_errors: 0
f1_mean_log_gap: 0.399745
f8_mean_log_gap: 2.590195
f15_mean_log_gap: 1.327799
total_duration_s: 0.250
