func_id=1 instance_id=1 seed=0 best_y=4.497296 f_opt=0.000000 gap=4.497296 n_fevals=800 duration_s=0.000 status=error:ValueError
func_id=1 instance_id=1 seed=1 best_y=2.759294 f_opt=0.000000 gap=2.759294 n_fevals=800 duration_s=0.000 status=error:ValueError
func_id=1 instance_id=1 seed=2 best_y=4.779694 f_opt=0.000000 gap=4.779694 n_fevals=800 duration_s=0.015 status=error:ValueError
func_id=1 instance_id=2 seed=0 best_y=2.022115 f_opt=0.000000 gap=2.022115 n_fevals=800 duration_s=0.000 status=error:ValueError
func_id=1 instance_id=2 seed=1 best_y=2.169657 f_opt=0.000000 gap=2.169657 n_fevals=800 duration_s=0.016 status=error:ValueError
func_id=1 instance_id=2 seed=2 best_y=3.459464 f_opt=0.000000 gap=3.459464 n_fevals=800 duration_s=0.000 status=error:ValueError
func_id=8 instance_id=1 seed=0 best_y=432.755325 f_opt=0.000000 gap=432.755325 n_fevals=800 duration_s=0.015 status=error:ValueError
func_id=8 instance_id=1 seed=1 best_y=353.808475 f_opt=0.000000 gap=353.808475 n_fevals=800 duration_s=0.000 status=error:ValueError
func_id=8 instance_id=1 seed=2 best_y=516.141456 f_opt=0.000000 gap=516.141456 n_fevals=800 duration_s=0.016 status=error:ValueError
func_id=8 instance_id=2 seed=0 best_y=691.222758 f_opt=0.000000 gap=691.222758 n_fevals=800 duration_s=0.016 status=error:ValueError
func_id=8 instance_id=2 seed=1 best_y=231.797882 f_opt=0.000000 gap=231.797882 n_fevals=800 duration_s=0.000 status=error:ValueError
func_id=8 instance_id=2 seed=2 best_y=428.033798 f_opt=0.000000 gap=428.033798 n_fevals=800 duration_s=0.015 status=error:ValueError
func_id=15 instance_id=1 seed=0 best_y=24.365428 f_opt=0.000000 gap=24.365428 n_fevals=800 duration_s=0.000 status=error:ValueError
func_id=15 instance_id=1 seed=1 best_y=19.190396 f_opt=0.000000 gap=19.190396 n_fevals=800 duration_s=0.016 status=error:ValueError
func_id=15 instance_id=1 seed=2 best_y=16.934872 f_opt=0.000000 gap=16.934872 n_fevals=800 duration_s=0.016 status=error:ValueError
func_id=15 instance_id=2 seed=0 best_y=22.308337 f_opt=0.000000 gap=22.308337 n_fevals=800 duration_s=0.000 status=error:ValueError
func_id=15 instance_id=2 seed=1 best_y=21.850677 f_opt=0.000000 gap=21.850677 n_fevals=800 duration_s=0.000 status=error:ValueError
func_id=15 instance_id=2 seed=2 best_y=26.996880 f_opt=0.000000 gap=26.996880 n_fevals=800 duration_s=0.016 status=error:ValueError

---
mean_log_gap: 1.483679
median_log_gap: 1.343966
n_tuples: 18
n_errors: 18
f1_mean_log_gap: 0.492393
f8_mean_log_gap: 2.622331
f15_mean_log_gap: 1.336314
total_duration_s: 0.172
