func_id=1 instance_id=1 seed=0 best_y=38.259528 f_opt=0.000000 gap=38.259528 n_fevals=1000 duration_s=0.031 status=budget_exhausted
func_id=1 instance_id=1 seed=1 best_y=39.873837 f_opt=0.000000 gap=39.873837 n_fevals=1000 duration_s=0.031 status=budget_exhausted
func_id=1 instance_id=1 seed=2 best_y=37.819924 f_opt=0.000000 gap=37.819924 n_fevals=1000 duration_s=0.031 status=budget_exhausted
func_id=1 instance_id=2 seed=0 best_y=7.017090 f_opt=0.000000 gap=7.017090 n_fevals=1000 duration_s=0.032 status=budget_exhausted
func_id=1 instance_id=2 seed=1 best_y=7.437039 f_opt=0.000000 gap=7.437039 n_fevals=1000 duration_s=0.031 status=budget_exhausted
func_id=1 instance_id=2 seed=2 best_y=7.473088 f_opt=0.000000 gap=7.473088 n_fevals=1000 duration_s=0.031 status=budget_exhausted
func_id=8 instance_id=1 seed=0 best_y=33762.390997 f_opt=0.000000 gap=33762.390997 n_fevals=1000 duration_s=0.031 status=budget_exhausted
func_id=8 instance_id=1 seed=1 best_y=32891.505969 f_opt=0.000000 gap=32891.505969 n_fevals=1000 duration_s=0.032 status=budget_exhausted
func_id=8 instance_id=1 seed=2 best_y=32138.738164 f_opt=0.000000 gap=32138.738164 n_fevals=1000 duration_s=0.031 status=budget_exhausted
func_id=8 instance_id=2 seed=0 best_y=35386.814957 f_opt=0.000000 gap=35386.814957 n_fevals=1000 duration_s=0.047 status=budget_exhausted
func_id=8 instance_id=2 seed=1 best_y=41280.611109 f_opt=0.000000 gap=41280.611109 n_fevals=1000 duration_s=0.031 status=budget_exhausted
func_id=8 instance_id=2 seed=2 best_y=38715.552196 f_opt=0.000000 gap=38715.552196 n_fevals=1000 duration_s=0.031 status=budget_exhausted
func_id=15 instance_id=1 seed=0 best_y=39.692680 f_opt=0.000000 gap=39.692680 n_fevals=1000 duration_s=0.032 status=budget_exhausted
func_id=15 instance_id=1 seed=1 best_y=36.563815 f_opt=0.000000 gap=36.563815 n_fevals=1000 duration_s=0.031 status=budget_exhausted
func_id=15 instance_id=1 seed=2 best_y=38.198674 f_opt=0.000000 gap=38.198674 n_fevals=1000 duration_s=0.031 status=budget_exhausted
func_id=15 instance_id=2 seed=0 best_y=30.110878 f_opt=0.000000 gap=30.110878 n_fevals=1000 duration_s=0.031 status=budget_exhausted
func_id=15 instance_id=2 seed=1 best_y=48.495954 f_opt=0.000000 gap=48.495954 n_fevals=1000 duration_s=0.032 status=budget_exhausted
func_id=15 instance_id=2 seed=2 best_y=64.134419 f_opt=0.000000 gap=64.134419 n_fevals=1000 duration_s=0.031 status=budget_exhausted

---
mean_log_gap: 2.465142
median_log_gap: 1.599699
n_tuples: 18
n_errors: 0
f1_mean_log_gap: 1.225368
f8_mean_log_gap: 4.550836
f15_mean_log_gap: 1.619222
total_duration_s: 0.593
