func_id=1 instance_id=1 seed=0 best_y=61.649634 f_opt=0.000000 gap=61.649634 n_fevals=1 duration_s=0.000 status=error:AttributeError
func_id=1 instance_id=1 seed=1 best_y=61.649634 f_opt=0.000000 gap=61.649634 n_fevals=1 duration_s=0.000 status=error:AttributeError
func_id=1 instance_id=1 seed=2 best_y=61.649634 f_opt=0.000000 gap=61.649634 n_fevals=1 duration_s=0.000 status=error:AttributeError
func_id=1 instance_id=2 seed=0 best_y=15.907430 f_opt=0.000000 gap=15.907430 n_fevals=1 duration_s=0.000 status=error:AttributeError
func_id=1 instance_id=2 seed=1 best_y=15.907430 f_opt=0.000000 gap=15.907430 n_fevals=1 duration_s=0.016 status=error:AttributeError
func_id=1 instance_id=2 seed=2 best_y=15.907430 f_opt=0.000000 gap=15.907430 n_fevals=1 duration_s=0.000 status=error:AttributeError
func_id=8 instance_id=1 seed=0 best_y=79781.631019 f_opt=0.000000 gap=79781.631019 n_fevals=1 duration_s=0.000 status=error:AttributeError
func_id=8 instance_id=1 seed=1 best_y=79781.631019 f_opt=0.000000 gap=79781.631019 n_fevals=1 duration_s=0.000 status=error:AttributeError
func_id=8 instance_id=1 seed=2 best_y=79781.631019 f_opt=0.000000 gap=79781.631019 n_fevals=1 duration_s=0.000 status=error:AttributeError
func_id=8 instance_id=2 seed=0 best_y=140213.788051 f_opt=0.000000 gap=140213.788051 n_fevals=1 duration_s=0.000 status=error:AttributeError
func_id=8 instance_id=2 seed=1 best_y=140213.788051 f_opt=0.000000 gap=140213.788051 n_fevals=1 duration_s=0.000 status=error:AttributeError
func_id=8 instance_id=2 seed=2 best_y=140213.788051 f_opt=0.000000 gap=140213.788051 n_fevals=1 duration_s=0.000 status=error:AttributeError
func_id=15 instance_id=1 seed=0 best_y=108.577833 f_opt=0.000000 gap=108.577833 n_fevals=1 duration_s=0.000 status=error:AttributeError
func_id=15 instance_id=1 seed=1 best_y=108.577833 f_opt=0.000000 gap=108.577833 n_fevals=1 duration_s=0.000 status=error:AttributeError
func_id=15 instance_id=1 seed=2 best_y=108.577833 f_opt=0.000000 gap=108.577833 n_fevals=1 duration_s=0.000 status=error:AttributeError
func_id=15 instance_id=2 seed=0 best_y=33.417849 f_opt=0.000000 gap=33.417849 n_fevals=1 duration_s=0.000 status=error:AttributeError
func_id=15 instance_id=2 seed=1 best_y=33.417849 f_opt=0.000000 gap=33.417849 n_fevals=1 duration_s=0.000 status=error:AttributeError
func_id=15 instance_id=2 seed=2 best_y=33.417849 f_opt=0.000000 gap=33.417849 n_fevals=1 duration_s=0.000 status=error:AttributeError

---
mean_log_gap: 2.766657
median_log_gap: 1.912836
n_tuples: 18
n_errors: 18
f1_mean_log_gap: 1.495765
f8_mean_log_gap: 5.024347
f15_mean_log_gap: 1.779860
total_duration_s: 0.047
