func_id=1 instance_id=1 seed=0 best_y=2.810497 f_opt=0.000000 gap=2.810497 n_fevals=1000 duration_s=0.125 status=ok
func_id=1 instance_id=1 seed=1 best_y=3.697663 f_opt=0.000000 gap=3.697663 n_fevals=1000 duration_s=0.125 status=ok
func_id=1 instance_id=1 seed=2 best_y=1.328968 f_opt=0.000000 gap=1.328968 n_fevals=1000 duration_s=0.125 status=ok
func_id=1 instance_id=2 seed=0 best_y=3.244054 f_opt=0.000000 gap=3.244054 n_fevals=1000 duration_s=0.125 status=ok
func_id=1 instance_id=2 seed=1 best_y=2.169657 f_opt=0.000000 gap=2.169657 n_fevals=1000 duration_s=0.125 status=ok
func_id=1 instance_id=2 seed=2 best_y=2.432630 f_opt=0.000000 gap=2.432630 n_fevals=1000 duration_s=0.125 status=ok
func_id=8 instance_id=1 seed=0 best_y=357.381890 f_opt=0.000000 gap=357.381890 n_fevals=1000 duration_s=0.141 status=ok
func_id=8 instance_id=1 seed=1 best_y=358.673807 f_opt=0.000000 gap=358.673807 n_fevals=1000 duration_s=0.125 status=ok
func_id=8 instance_id=1 seed=2 best_y=717.287236 f_opt=0.000000 gap=717.287236 n_fevals=1000 duration_s=0.203 status=ok
func_id=8 instance_id=2 seed=0 best_y=535.400935 f_opt=0.000000 gap=535.400935 n_fevals=1000 duration_s=0.156 status=ok
func_id=8 instance_id=2 seed=1 best_y=231.797882 f_opt=0.000000 gap=231.797882 n_fevals=1000 duration_s=0.219 status=ok
func_id=8 instance_id=2 seed=2 best_y=332.487769 f_opt=0.000000 gap=332.487769 n_fevals=1000 duration_s=0.203 status=ok
func_id=15 instance_id=1 seed=0 best_y=22.039332 f_opt=0.000000 gap=22.039332 n_fevals=1000 duration_s=0.125 status=ok
func_id=15 instance_id=1 seed=1 best_y=19.190396 f_opt=0.000000 gap=19.190396 n_fevals=1000 duration_s=0.140 status=ok
func_id=15 instance_id=1 seed=2 best_y=16.934872 f_opt=0.000000 gap=16.934872 n_fevals=1000 duration_s=0.125 status=ok
func_id=15 instance_id=2 seed=0 best_y=22.308337 f_opt=0.000000 gap=22.308337 n_fevals=1000 duration_s=0.125 status=ok
func_id=15 instance_id=2 seed=1 best_y=19.425586 f_opt=0.000000 gap=19.425586 n_fevals=1000 duration_s=0.125 status=ok
func_id=15 instance_id=2 seed=2 best_y=30.952899 f_opt=0.000000 gap=30.952899 n_fevals=1000 duration_s=0.141 status=ok

---
mean_log_gap: 1.440860
median_log_gap: 1.315786
n_tuples: 18
n_errors: 0
f1_mean_log_gap: 0.395630
f8_mean_log_gap: 2.596515
f15_mean_log_gap: 1.330434
total_duration_s: 2.625
