func_id=1 instance_id=1 seed=0 best_y=15.215998 f_opt=0.000000 gap=15.215998 n_fevals=150 duration_s=0.000 status=ok
func_id=1 instance_id=1 seed=1 best_y=12.550312 f_opt=0.000000 gap=12.550312 n_fevals=150 duration_s=0.000 status=ok
func_id=1 instance_id=1 seed=2 best_y=24.106237 f_opt=0.000000 gap=24.106237 n_fevals=150 duration_s=0.000 status=ok
func_id=1 instance_id=2 seed=0 best_y=5.911201 f_opt=0.000000 gap=5.911201 n_fevals=150 duration_s=0.000 status=ok
func_id=1 instance_id=2 seed=1 best_y=15.129866 f_opt=0.000000 gap=15.129866 n_fevals=150 duration_s=0.000 status=ok
func_id=1 instance_id=2 seed=2 best_y=23.462829 f_opt=0.000000 gap=23.462829 n_fevals=150 duration_s=0.000 status=ok
func_id=8 instance_id=1 seed=0 best_y=1585.039029 f_opt=0.000000 gap=1585.039029 n_fevals=150 duration_s=0.015 status=ok
func_id=8 instance_id=1 seed=1 best_y=49263.133494 f_opt=0.000000 gap=49263.133494 n_fevals=150 duration_s=0.000 status=ok
func_id=8 instance_id=1 seed=2 best_y=11446.593266 f_opt=0.000000 gap=11446.593266 n_fevals=150 duration_s=0.000 status=ok
func_id=8 instance_id=2 seed=0 best_y=4174.255712 f_opt=0.000000 gap=4174.255712 n_fevals=150 duration_s=0.000 status=ok
func_id=8 instance_id=2 seed=1 best_y=4415.212391 f_opt=0.000000 gap=4415.212391 n_fevals=150 duration_s=0.000 status=ok
func_id=8 instance_id=2 seed=2 best_y=26139.909743 f_opt=0.000000 gap=26139.909743 n_fevals=150 duration_s=0.000 status=ok
func_id=15 instance_id=1 seed=0 best_y=85.451369 f_opt=0.000000 gap=85.451369 n_fevals=150 duration_s=0.000 status=ok
func_id=15 instance_id=1 seed=1 best_y=32.237752 f_opt=0.000000 gap=32.237752 n_fevals=150 duration_s=0.000 status=ok
func_id=15 instance_id=1 seed=2 best_y=52.092575 f_opt=0.000000 gap=52.092575 n_fevals=150 duration_s=0.016 status=ok
func_id=15 instance_id=2 seed=0 best_y=68.616185 f_opt=0.000000 gap=68.616185 n_fevals=150 duration_s=0.000 status=ok
func_id=15 instance_id=2 seed=1 best_y=82.954857 f_opt=0.000000 gap=82.954857 n_fevals=150 duration_s=0.000 status=ok
func_id=15 instance_id=2 seed=2 best_y=58.451775 f_opt=0.000000 gap=58.451775 n_fevals=150 duration_s=0.000 status=ok

---
mean_log_gap: 2.294332
median_log_gap: 1.801612
n_tuples: 18
n_errors: 0
f1_mean_log_gap: 1.164163
f8_mean_log_gap: 3.939012
f15_mean_log_gap: 1.779821
total_duration_s: 0.062
