func_id=1 instance_id=1 seed=0 best_y=1.075618 f_opt=0.000000 gap=1.075618 n_fevals=40 duration_s=0.000 status=error:UnboundLocalError
func_id=1 instance_id=1 seed=1 best_y=12.346162 f_opt=0.000000 gap=12.346162 n_fevals=40 duration_s=0.000 status=error:UnboundLocalError
func_id=1 instance_id=1 seed=2 best_y=15.774325 f_opt=0.000000 gap=15.774325 n_fevals=40 duration_s=0.000 status=error:UnboundLocalError
func_id=1 instance_id=2 seed=0 best_y=6.194674 f_opt=0.000000 gap=6.194674 n_fevals=40 duration_s=0.000 status=error:UnboundLocalError
func_id=1 instance_id=2 seed=1 best_y=5.052374 f_opt=0.000000 gap=5.052374 n_fevals=40 duration_s=0.000 status=error:UnboundLocalError
func_id=1 instance_id=2 seed=2 best_y=3.681965 f_opt=0.000000 gap=3.681965 n_fevals=40 duration_s=0.000 status=error:UnboundLocalError
func_id=8 instance_id=1 seed=0 best_y=333.494925 f_opt=0.000000 gap=333.494925 n_fevals=40 duration_s=0.000 status=error:UnboundLocalError
func_id=8 instance_id=1 seed=1 best_y=12759.007617 f_opt=0.000000 gap=12759.007617 n_fevals=40 duration_s=0.000 status=error:UnboundLocalError
func_id=8 instance_id=1 seed=2 best_y=774.585678 f_opt=0.000000 gap=774.585678 n_fevals=40 duration_s=0.000 status=error:UnboundLocalError
func_id=8 instance_id=2 seed=0 best_y=616.165122 f_opt=0.000000 gap=616.165122 n_fevals=40 duration_s=0.000 status=error:UnboundLocalError
func_id=8 instance_id=2 seed=1 best_y=415.296289 f_opt=0.000000 gap=415.296289 n_fevals=40 duration_s=0.000 status=error:UnboundLocalError
func_id=8 instance_id=2 seed=2 best_y=3763.252422 f_opt=0.000000 gap=3763.252422 n_fevals=40 duration_s=0.000 status=error:UnboundLocalError
func_id=15 instance_id=1 seed=0 best_y=50.955630 f_opt=0.000000 gap=50.955630 n_fevals=40 duration_s=0.000 status=error:UnboundLocalError
func_id=15 instance_id=1 seed=1 best_y=32.237752 f_opt=0.000000 gap=32.237752 n_fevals=40 duration_s=0.000 status=error:UnboundLocalError
func_id=15 instance_id=1 seed=2 best_y=36.344108 f_opt=0.000000 gap=36.344108 n_fevals=40 duration_s=0.000 status=error:UnboundLocalError
func_id=15 instance_id=2 seed=0 best_y=22.308337 f_opt=0.000000 gap=22.308337 n_fevals=40 duration_s=0.000 status=error:UnboundLocalError
func_id=15 instance_id=2 seed=1 best_y=53.193078 f_opt=0.000000 gap=53.193078 n_fevals=40 duration_s=0.000 status=error:UnboundLocalError
func_id=15 instance_id=2 seed=2 best_y=44.983754 f_opt=0.000000 gap=44.983754 n_fevals=40 duration_s=0.000 status=error:UnboundLocalError

---
mean_log_gap: 1.799317
median_log_gap: 1.606745
n_tuples: 18
n_errors: 18
f1_mean_log_gap: 0.730456
f8_mean_log_gap: 3.083599
f15_mean_log_gap: 1.583895
total_duration_s: 0.031
