Generation 0, Best score: 15.837567382616466
func_id=1 instance_id=1 seed=0 best_y=4.167528 f_opt=0.000000 gap=4.167528 n_fevals=33 duration_s=0.000 status=error:IndexError
Generation 0, Best score: 13.131008556707725
func_id=1 instance_id=1 seed=1 best_y=5.913716 f_opt=0.000000 gap=5.913716 n_fevals=33 duration_s=0.000 status=error:IndexError
Generation 0, Best score: 24.73140758990584
func_id=1 instance_id=1 seed=2 best_y=6.396078 f_opt=0.000000 gap=6.396078 n_fevals=33 duration_s=0.000 status=error:IndexError
Generation 0, Best score: 6.1946736962059905
func_id=1 instance_id=2 seed=0 best_y=4.665750 f_opt=0.000000 gap=4.665750 n_fevals=33 duration_s=0.000 status=error:IndexError
Generation 0, Best score: 15.753932946119278
func_id=1 instance_id=2 seed=1 best_y=15.753933 f_opt=0.000000 gap=15.753933 n_fevals=33 duration_s=0.000 status=error:IndexError
Generation 0, Best score: 24.030647294045036
func_id=1 instance_id=2 seed=2 best_y=19.837389 f_opt=0.000000 gap=19.837389 n_fevals=33 duration_s=0.015 status=error:IndexError
Generation 0, Best score: 1869.008925594073
func_id=8 instance_id=1 seed=0 best_y=1028.482558 f_opt=0.000000 gap=1028.482558 n_fevals=33 duration_s=0.000 status=error:IndexError
Generation 0, Best score: 49263.133494403104
func_id=8 instance_id=1 seed=1 best_y=26008.622167 f_opt=0.000000 gap=26008.622167 n_fevals=33 duration_s=0.000 status=error:IndexError
Generation 0, Best score: 11446.593266047395
func_id=8 instance_id=1 seed=2 best_y=11446.593266 f_opt=0.000000 gap=11446.593266 n_fevals=33 duration_s=0.000 status=error:IndexError
Generation 0, Best score: 4342.511742167332
func_id=8 instance_id=2 seed=0 best_y=4342.511742 f_opt=0.000000 gap=4342.511742 n_fevals=33 duration_s=0.000 status=error:IndexError
Generation 0, Best score: 4976.381644047406
func_id=8 instance_id=2 seed=1 best_y=1291.122432 f_opt=0.000000 gap=1291.122432 n_fevals=33 duration_s=0.000 status=error:IndexError
Generation 0, Best score: 27495.915458789066
func_id=8 instance_id=2 seed=2 best_y=14443.744788 f_opt=0.000000 gap=14443.744788 n_fevals=33 duration_s=0.000 status=error:IndexError
Generation 0, Best score: 89.34100301735424
func_id=15 instance_id=1 seed=0 best_y=84.078776 f_opt=0.000000 gap=84.078776 n_fevals=33 duration_s=0.000 status=error:IndexError
Generation 0, Best score: 32.2377522283919
func_id=15 instance_id=1 seed=1 best_y=32.237752 f_opt=0.000000 gap=32.237752 n_fevals=33 duration_s=0.000 status=error:IndexError
Generation 0, Best score: 55.42286424104299
func_id=15 instance_id=1 seed=2 best_y=44.621590 f_opt=0.000000 gap=44.621590 n_fevals=33 duration_s=0.000 status=error:IndexError
Generation 0, Best score: 76.59628247852757
func_id=15 instance_id=2 seed=0 best_y=73.937579 f_opt=0.000000 gap=73.937579 n_fevals=33 duration_s=0.000 status=error:IndexError
Generation 0, Best score: 86.04295191262223
func_id=15 instance_id=2 seed=1 best_y=52.588449 f_opt=0.000000 gap=52.588449 n_fevals=33 duration_s=0.000 status=error:IndexError
Generation 0, Best score: 62.314196318871026
func_id=15 instance_id=2 seed=2 best_y=62.314196 f_opt=0.000000 gap=62.314196 n_fevals=33 duration_s=0.000 status=error:IndexError

---
mean_log_gap: 2.123487
median_log_gap: 1.757739
n_tuples: 18
n_errors: 18
f1_mean_log_gap: 0.893575
f8_mean_log_gap: 3.732396
f15_mean_log_gap: 1.744490
total_duration_s: 0.047
